Archive member included to satisfy reference by file (symbol)

c:/vsarm/arm_embedded/9 2020-q2-update/bin/../lib/gcc/arm-none-eabi/9.3.1/../../../../arm-none-eabi/lib/thumb/v6-m/nofp\libc.a(lib_a-exit.o)
                              c:/vsarm/arm_embedded/9 2020-q2-update/bin/../lib/gcc/arm-none-eabi/9.3.1/../../../../arm-none-eabi/lib/thumb/v6-m/nofp/crt0.o (exit)
c:/vsarm/arm_embedded/9 2020-q2-update/bin/../lib/gcc/arm-none-eabi/9.3.1/../../../../arm-none-eabi/lib/thumb/v6-m/nofp\libc.a(lib_a-impure.o)
                              c:/vsarm/arm_embedded/9 2020-q2-update/bin/../lib/gcc/arm-none-eabi/9.3.1/../../../../arm-none-eabi/lib/thumb/v6-m/nofp\libc.a(lib_a-exit.o) (_global_impure_ptr)
c:/vsarm/arm_embedded/9 2020-q2-update/bin/../lib/gcc/arm-none-eabi/9.3.1/../../../../arm-none-eabi/lib/thumb/v6-m/nofp\libc.a(lib_a-init.o)
                              c:/vsarm/arm_embedded/9 2020-q2-update/bin/../lib/gcc/arm-none-eabi/9.3.1/../../../../arm-none-eabi/lib/thumb/v6-m/nofp/crt0.o (__libc_init_array)
c:/vsarm/arm_embedded/9 2020-q2-update/bin/../lib/gcc/arm-none-eabi/9.3.1/../../../../arm-none-eabi/lib/thumb/v6-m/nofp\libc.a(lib_a-memset.o)
                              c:/vsarm/arm_embedded/9 2020-q2-update/bin/../lib/gcc/arm-none-eabi/9.3.1/../../../../arm-none-eabi/lib/thumb/v6-m/nofp/crt0.o (memset)
c:/vsarm/arm_embedded/9 2020-q2-update/bin/../lib/gcc/arm-none-eabi/9.3.1/../../../../arm-none-eabi/lib/thumb/v6-m/nofp\libc.a(lib_a-__call_atexit.o)
                              c:/vsarm/arm_embedded/9 2020-q2-update/bin/../lib/gcc/arm-none-eabi/9.3.1/../../../../arm-none-eabi/lib/thumb/v6-m/nofp\libc.a(lib_a-exit.o) (__call_exitprocs)
c:/vsarm/arm_embedded/9 2020-q2-update/bin/../lib/gcc/arm-none-eabi/9.3.1/../../../../arm-none-eabi/lib/thumb/v6-m/nofp\libc.a(lib_a-atexit.o)
                              c:/vsarm/arm_embedded/9 2020-q2-update/bin/../lib/gcc/arm-none-eabi/9.3.1/../../../../arm-none-eabi/lib/thumb/v6-m/nofp\libc.a(lib_a-__call_atexit.o) (atexit)
c:/vsarm/arm_embedded/9 2020-q2-update/bin/../lib/gcc/arm-none-eabi/9.3.1/../../../../arm-none-eabi/lib/thumb/v6-m/nofp\libc.a(lib_a-fini.o)
                              c:/vsarm/arm_embedded/9 2020-q2-update/bin/../lib/gcc/arm-none-eabi/9.3.1/../../../../arm-none-eabi/lib/thumb/v6-m/nofp\libc.a(lib_a-__call_atexit.o) (__libc_fini_array)
c:/vsarm/arm_embedded/9 2020-q2-update/bin/../lib/gcc/arm-none-eabi/9.3.1/../../../../arm-none-eabi/lib/thumb/v6-m/nofp\libc.a(lib_a-lock.o)
                              c:/vsarm/arm_embedded/9 2020-q2-update/bin/../lib/gcc/arm-none-eabi/9.3.1/../../../../arm-none-eabi/lib/thumb/v6-m/nofp\libc.a(lib_a-__call_atexit.o) (__retarget_lock_acquire_recursive)
c:/vsarm/arm_embedded/9 2020-q2-update/bin/../lib/gcc/arm-none-eabi/9.3.1/../../../../arm-none-eabi/lib/thumb/v6-m/nofp\libc.a(lib_a-__atexit.o)
                              c:/vsarm/arm_embedded/9 2020-q2-update/bin/../lib/gcc/arm-none-eabi/9.3.1/../../../../arm-none-eabi/lib/thumb/v6-m/nofp\libc.a(lib_a-atexit.o) (__register_exitproc)
c:/vsarm/arm_embedded/9 2020-q2-update/bin/../lib/gcc/arm-none-eabi/9.3.1/../../../../arm-none-eabi/lib/thumb/v6-m/nofp\libnosys.a(_exit.o)
                              c:/vsarm/arm_embedded/9 2020-q2-update/bin/../lib/gcc/arm-none-eabi/9.3.1/../../../../arm-none-eabi/lib/thumb/v6-m/nofp\libc.a(lib_a-exit.o) (_exit)
c:/vsarm/arm_embedded/9 2020-q2-update/bin/../lib/gcc/arm-none-eabi/9.3.1/thumb/v6-m/nofp\libgcc.a(_udivsi3.o)
                              build/system_stm32f0xx.o (__aeabi_uidiv)
c:/vsarm/arm_embedded/9 2020-q2-update/bin/../lib/gcc/arm-none-eabi/9.3.1/thumb/v6-m/nofp\libgcc.a(_divsi3.o)
                              build/main.o (__aeabi_idiv)
c:/vsarm/arm_embedded/9 2020-q2-update/bin/../lib/gcc/arm-none-eabi/9.3.1/thumb/v6-m/nofp\libgcc.a(_dvmd_tls.o)
                              c:/vsarm/arm_embedded/9 2020-q2-update/bin/../lib/gcc/arm-none-eabi/9.3.1/thumb/v6-m/nofp\libgcc.a(_udivsi3.o) (__aeabi_idiv0)

Allocating common symbols
Common symbol       size              file

__lock___atexit_recursive_mutex
                    0x1               c:/vsarm/arm_embedded/9 2020-q2-update/bin/../lib/gcc/arm-none-eabi/9.3.1/../../../../arm-none-eabi/lib/thumb/v6-m/nofp\libc.a(lib_a-lock.o)
__lock___arc4random_mutex
                    0x1               c:/vsarm/arm_embedded/9 2020-q2-update/bin/../lib/gcc/arm-none-eabi/9.3.1/../../../../arm-none-eabi/lib/thumb/v6-m/nofp\libc.a(lib_a-lock.o)
hi2c1               0x4c              build/main.o
uwTick              0x4               build/stm32f0xx_hal.o
pFlash              0x20              build/stm32f0xx_hal_flash.o
__lock___env_recursive_mutex
                    0x1               c:/vsarm/arm_embedded/9 2020-q2-update/bin/../lib/gcc/arm-none-eabi/9.3.1/../../../../arm-none-eabi/lib/thumb/v6-m/nofp\libc.a(lib_a-lock.o)
__lock___sinit_recursive_mutex
[...]
Memory Configuration

Name             Origin             Length             Attributes
RAM              0x20000000         0x00008000         xrw
FLASH            0x08000000         0x00040000         xr
*default*        0x00000000         0xffffffff

Linker script and memory map

LOAD c:/vsarm/arm_embedded/9 2020-q2-update/bin/../lib/gcc/arm-none-eabi/9.3.1/thumb/v6-m/nofp/crti.o
LOAD c:/vsarm/arm_embedded/9 2020-q2-update/bin/../lib/gcc/arm-none-eabi/9.3.1/thumb/v6-m/nofp/crtbegin.o
LOAD c:/vsarm/arm_embedded/9 2020-q2-update/bin/../lib/gcc/arm-none-eabi/9.3.1/../../../../arm-none-eabi/lib/thumb/v6-m/nofp/crt0.o
LOAD build/main.o
LOAD build/stm32f0xx_hal_msp.o
LOAD build/stm32f0xx_it.o
LOAD build/system_stm32f0xx.o
LOAD build/stm32f0xx_hal.o
LOAD build/stm32f0xx_hal_adc.o
LOAD build/stm32f0xx_hal_adc_ex.o
LOAD build/stm32f0xx_hal_cortex.o
LOAD build/stm32f0xx_hal_dma.o
LOAD build/stm32f0xx_hal_exti.o
LOAD build/stm32f0xx_hal_flash.o
LOAD build/stm32f0xx_hal_flash_ex.o
LOAD build/stm32f0xx_hal_gpio.o
LOAD build/stm32f0xx_hal_i2c.o
LOAD build/stm32f0xx_hal_i2c_ex.o
LOAD build/stm32f0xx_hal_pwr.o
LOAD build/stm32f0xx_hal_pwr_ex.o
LOAD build/stm32f0xx_hal_rcc.o
LOAD build/stm32f0xx_hal_rcc_ex.o
LOAD build/stm32f0xx_hal_tim.o
LOAD build/stm32f0xx_hal_tim_ex.o
LOAD build/stm32f0xx_hal_uart.o
LOAD build/stm32f0xx_hal_uart_ex.o
LOAD build/startup_stm32f030xc.o
LOAD c:/vsarm/arm_embedded/9 2020-q2-update/bin/../lib/gcc/arm-none-eabi/9.3.1/../../../../arm-none-eabi/lib/thumb/v6-m/nofp\libc.a
LOAD c:/vsarm/arm_embedded/9 2020-q2-update/bin/../lib/gcc/arm-none-eabi/9.3.1/../../../../arm-none-eabi/lib/thumb/v6-m/nofp\libm.a
LOAD c:/vsarm/arm_embedded/9 2020-q2-update/bin/../lib/gcc/arm-none-eabi/9.3.1/../../../../arm-none-eabi/lib/thumb/v6-m/nofp\libnosys.a
START GROUP
LOAD c:/vsarm/arm_embedded/9 2020-q2-update/bin/../lib/gcc/arm-none-eabi/9.3.1/thumb/v6-m/nofp\libgcc.a
LOAD c:/vsarm/arm_embedded/9 2020-q2-update/bin/../lib/gcc/arm-none-eabi/9.3.1/../../../../arm-none-eabi/lib/thumb/v6-m/nofp\libc.a
END GROUP
START GROUP
LOAD c:/vsarm/arm_embedded/9 2020-q2-update/bin/../lib/gcc/arm-none-eabi/9.3.1/thumb/v6-m/nofp\libgcc.a
LOAD c:/vsarm/arm_embedded/9 2020-q2-update/bin/../lib/gcc/arm-none-eabi/9.3.1/../../../../arm-none-eabi/lib/thumb/v6-m/nofp\libc.a
LOAD c:/vsarm/arm_embedded/9 2020-q2-update/bin/../lib/gcc/arm-none-eabi/9.3.1/../../../../arm-none-eabi/lib/thumb/v6-m/nofp\libnosys.a
END GROUP
LOAD c:/vsarm/arm_embedded/9 2020-q2-update/bin/../lib/gcc/arm-none-eabi/9.3.1/thumb/v6-m/nofp/crtend.o
LOAD c:/vsarm/arm_embedded/9 2020-q2-update/bin/../lib/gcc/arm-none-eabi/9.3.1/thumb/v6-m/nofp/crtn.o
                0x20008000                _estack = 0x20008000
                0x00000200                _Min_Heap_Size = 0x200
                0x00000400                _Min_Stack_Size = 0x400

.isr_vector     0x08000000       0xbc
                0x08000000                . = ALIGN (0x4)
 *(.isr_vector)
 .isr_vector    0x08000000       0xbc build/startup_stm32f030xc.o
                0x08000000                g_pfnVectors
                0x080000bc                . = ALIGN (0x4)

.text           0x080000bc     0x27b4
                0x080000bc                . = ALIGN (0x4)
 *(.text)
 .text          0x080000bc       0x48 c:/vsarm/arm_embedded/9 2020-q2-update/bin/../lib/gcc/arm-none-eabi/9.3.1/thumb/v6-m/nofp/crtbegin.o
 .text          0x08000104      0x114 c:/vsarm/arm_embedded/9 2020-q2-update/bin/../lib/gcc/arm-none-eabi/9.3.1/thumb/v6-m/nofp\libgcc.a(_udivsi3.o)
                0x08000104                __aeabi_uidiv
                0x08000104                __udivsi3
                0x08000210                __aeabi_uidivmod
 .text          0x08000218      0x1d4 c:/vsarm/arm_embedded/9 2020-q2-update/bin/../lib/gcc/arm-none-eabi/9.3.1/thumb/v6-m/nofp\libgcc.a(_divsi3.o)
                0x08000218                __divsi3
                0x08000218                __aeabi_idiv
                0x080003e4                __aeabi_idivmod
 .text          0x080003ec        0x4 c:/vsarm/arm_embedded/9 2020-q2-update/bin/../lib/gcc/arm-none-eabi/9.3.1/thumb/v6-m/nofp\libgcc.a(_dvmd_tls.o)
                0x080003ec                __aeabi_idiv0
                0x080003ec                __aeabi_ldiv0
 *(.text*)
 .text.MX_GPIO_Init
                0x080003f0       0x98 build/main.o
 .text.MX_ADC_Init
                0x08000488       0x68 build/main.o
 .text.MX_I2C1_Init
                0x080004f0       0x44 build/main.o
 .text.MX_TIM1_Init
                0x08000534       0xc0 build/main.o
 .text.MX_TIM14_Init
                0x080005f4       0x5c build/main.o
 .text.MX_USART1_UART_Init
                0x08000650       0x30 build/main.o
 .text.mymap    0x08000680       0x1a build/main.o
                0x08000680                mymap
 .text.SystemClock_Config
                0x0800069a       0x6e build/main.o
                0x0800069a                SystemClock_Config
 .text.main     0x08000708       0xb4 build/main.o
                0x08000708                main
 .text.HAL_MspInit
                0x080007bc       0x30 build/stm32f0xx_hal_msp.o
                0x080007bc                HAL_MspInit
 .text.HAL_ADC_MspInit
                0x080007ec       0x64 build/stm32f0xx_hal_msp.o
                0x080007ec                HAL_ADC_MspInit
 .text.HAL_I2C_MspInit
                0x08000850       0x70 build/stm32f0xx_hal_msp.o
                0x08000850                HAL_I2C_MspInit
 .text.HAL_TIM_Base_MspInit
                0x080008c0       0x4c build/stm32f0xx_hal_msp.o
                0x080008c0                HAL_TIM_Base_MspInit
 .text.HAL_TIM_MspPostInit
                0x0800090c       0x94 build/stm32f0xx_hal_msp.o
                0x0800090c                HAL_TIM_MspPostInit
 .text.HAL_UART_MspInit
                0x080009a0       0x98 build/stm32f0xx_hal_msp.o
                0x080009a0                HAL_UART_MspInit
 .text.NMI_Handler
                0x08000a38        0x2 build/stm32f0xx_it.o
                0x08000a38                NMI_Handler
 .text.HardFault_Handler
                0x08000a3a        0x2 build/stm32f0xx_it.o
                0x08000a3a                HardFault_Handler
 .text.SVC_Handler
                0x08000a3c        0x2 build/stm32f0xx_it.o
                0x08000a3c                SVC_Handler
 .text.PendSV_Handler
                0x08000a3e        0x2 build/stm32f0xx_it.o
                0x08000a3e                PendSV_Handler
 .text.SysTick_Handler
                0x08000a40        0x8 build/stm32f0xx_it.o
                0x08000a40                SysTick_Handler
 .text.SystemInit
                0x08000a48        0x2 build/system_stm32f0xx.o
                0x08000a48                SystemInit
 *fill*         0x08000a4a        0x2 
 .text.HAL_InitTick
                0x08000a4c       0x50 build/stm32f0xx_hal.o
                0x08000a4c                HAL_InitTick
 .text.HAL_Init
                0x08000a9c       0x20 build/stm32f0xx_hal.o
                0x08000a9c                HAL_Init
 .text.HAL_IncTick
                0x08000abc       0x18 build/stm32f0xx_hal.o
                0x08000abc                HAL_IncTick
 .text.HAL_GetTick
                0x08000ad4        0xc build/stm32f0xx_hal.o
                0x08000ad4                HAL_GetTick
 .text.HAL_Delay
                0x08000ae0       0x24 build/stm32f0xx_hal.o
                0x08000ae0                HAL_Delay
 .text.ADC_Enable
                0x08000b04       0xa8 build/stm32f0xx_hal_adc.o
 .text.HAL_ADC_Init
                0x08000bac      0x184 build/stm32f0xx_hal_adc.o
                0x08000bac                HAL_ADC_Init
 .text.HAL_ADC_Start
                0x08000d30       0x60 build/stm32f0xx_hal_adc.o
                0x08000d30                HAL_ADC_Start
 .text.HAL_ADC_PollForConversion
                0x08000d90       0xc0 build/stm32f0xx_hal_adc.o
                0x08000d90                HAL_ADC_PollForConversion
 .text.HAL_ADC_GetValue
                0x08000e50        0x6 build/stm32f0xx_hal_adc.o
                0x08000e50                HAL_ADC_GetValue
 *fill*         0x08000e56        0x2 
 .text.HAL_ADC_ConfigChannel
                0x08000e58      0x138 build/stm32f0xx_hal_adc.o
                0x08000e58                HAL_ADC_ConfigChannel
 .text.HAL_NVIC_SetPriority
                0x08000f90       0x60 build/stm32f0xx_hal_cortex.o
                0x08000f90                HAL_NVIC_SetPriority
 .text.HAL_SYSTICK_Config
                0x08000ff0       0x38 build/stm32f0xx_hal_cortex.o
                0x08000ff0                HAL_SYSTICK_Config
 .text.HAL_GPIO_Init
                0x08001028      0x190 build/stm32f0xx_hal_gpio.o
                0x08001028                HAL_GPIO_Init
 .text.HAL_GPIO_WritePin
                0x080011b8        0xc build/stm32f0xx_hal_gpio.o
                0x080011b8                HAL_GPIO_WritePin
 .text.HAL_GPIO_TogglePin
                0x080011c4       0x10 build/stm32f0xx_hal_gpio.o
                0x080011c4                HAL_GPIO_TogglePin
 .text.HAL_I2C_Init
                0x080011d4       0xcc build/stm32f0xx_hal_i2c.o
                0x080011d4                HAL_I2C_Init
 .text.HAL_I2CEx_ConfigAnalogFilter
                0x080012a0       0x58 build/stm32f0xx_hal_i2c_ex.o
                0x080012a0                HAL_I2CEx_ConfigAnalogFilter
 .text.HAL_I2CEx_ConfigDigitalFilter
                0x080012f8       0x54 build/stm32f0xx_hal_i2c_ex.o
                0x080012f8                HAL_I2CEx_ConfigDigitalFilter
 .text.HAL_RCC_OscConfig
                0x0800134c      0x4b0 build/stm32f0xx_hal_rcc.o
                0x0800134c                HAL_RCC_OscConfig
 .text.HAL_RCC_GetSysClockFreq
                0x080017fc       0x74 build/stm32f0xx_hal_rcc.o
                0x080017fc                HAL_RCC_GetSysClockFreq
 .text.HAL_RCC_ClockConfig
                0x08001870      0x134 build/stm32f0xx_hal_rcc.o
                0x08001870                HAL_RCC_ClockConfig
 .text.HAL_RCC_GetHCLKFreq
                0x080019a4        0xc build/stm32f0xx_hal_rcc.o
                0x080019a4                HAL_RCC_GetHCLKFreq
 .text.HAL_RCC_GetPCLK1Freq
                0x080019b0       0x20 build/stm32f0xx_hal_rcc.o
                0x080019b0                HAL_RCC_GetPCLK1Freq
 .text.HAL_RCCEx_PeriphCLKConfig
                0x080019d0      0x11c build/stm32f0xx_hal_rcc_ex.o
                0x080019d0                HAL_RCCEx_PeriphCLKConfig
 .text.TIM_OC1_SetConfig
                0x08001aec       0x88 build/stm32f0xx_hal_tim.o
 .text.TIM_OC3_SetConfig
                0x08001b74       0x90 build/stm32f0xx_hal_tim.o
 .text.TIM_OC4_SetConfig
                0x08001c04       0x74 build/stm32f0xx_hal_tim.o
 .text.TIM_TI1_ConfigInputStage
                0x08001c78       0x22 build/stm32f0xx_hal_tim.o
 *fill*         0x08001c9a        0x2 
 .text.TIM_TI2_ConfigInputStage
                0x08001c9c       0x28 build/stm32f0xx_hal_tim.o
 .text.TIM_ITRx_SetConfig
                0x08001cc4       0x10 build/stm32f0xx_hal_tim.o
 .text.HAL_TIM_PWM_MspInit
                0x08001cd4        0x2 build/stm32f0xx_hal_tim.o
                0x08001cd4                HAL_TIM_PWM_MspInit
 *fill*         0x08001cd6        0x2 
 .text.TIM_Base_SetConfig
                0x08001cd8       0x94 build/stm32f0xx_hal_tim.o
                0x08001cd8                TIM_Base_SetConfig
 .text.HAL_TIM_Base_Init
                0x08001d6c       0x34 build/stm32f0xx_hal_tim.o
                0x08001d6c                HAL_TIM_Base_Init
 .text.HAL_TIM_PWM_Init
                0x08001da0       0x34 build/stm32f0xx_hal_tim.o
                0x08001da0                HAL_TIM_PWM_Init
 .text.TIM_OC2_SetConfig
                0x08001dd4       0x88 build/stm32f0xx_hal_tim.o
                0x08001dd4                TIM_OC2_SetConfig
 .text.HAL_TIM_PWM_ConfigChannel
                0x08001e5c       0xec build/stm32f0xx_hal_tim.o
                0x08001e5c                HAL_TIM_PWM_ConfigChannel
 .text.TIM_ETR_SetConfig
                0x08001f48       0x18 build/stm32f0xx_hal_tim.o
                0x08001f48                TIM_ETR_SetConfig
 .text.HAL_TIM_ConfigClockSource
                0x08001f60       0xe4 build/stm32f0xx_hal_tim.o
                0x08001f60                HAL_TIM_ConfigClockSource
 .text.TIM_CCxChannelCmd
                0x08002044       0x1a build/stm32f0xx_hal_tim.o
                0x08002044                TIM_CCxChannelCmd
 *fill*         0x0800205e        0x2 
 .text.HAL_TIM_PWM_Start
                0x08002060       0x58 build/stm32f0xx_hal_tim.o
                0x08002060                HAL_TIM_PWM_Start
 .text.HAL_TIMEx_MasterConfigSynchronization
                0x080020b8       0x64 build/stm32f0xx_hal_tim_ex.o
                0x080020b8                HAL_TIMEx_MasterConfigSynchronization
 .text.HAL_TIMEx_ConfigBreakDeadTime
                0x0800211c       0x6c build/stm32f0xx_hal_tim_ex.o
                0x0800211c                HAL_TIMEx_ConfigBreakDeadTime
 .text.UART_SetConfig
                0x08002188      0x228 build/stm32f0xx_hal_uart.o
                0x08002188                UART_SetConfig
 .text.UART_AdvFeatureConfig
                0x080023b0       0xe0 build/stm32f0xx_hal_uart.o
                0x080023b0                UART_AdvFeatureConfig
 .text.UART_WaitOnFlagUntilTimeout
                0x08002490       0xac build/stm32f0xx_hal_uart.o
                0x08002490                UART_WaitOnFlagUntilTimeout
 .text.UART_CheckIdleState
                0x0800253c       0x6c build/stm32f0xx_hal_uart.o
                0x0800253c                UART_CheckIdleState
 .text.HAL_UART_Init
                0x080025a8       0x6c build/stm32f0xx_hal_uart.o
                0x080025a8                HAL_UART_Init
 .text.Reset_Handler
                0x08002614       0x50 build/startup_stm32f030xc.o
                0x08002614                Reset_Handler
 .text.Default_Handler
                0x08002664        0x2 build/startup_stm32f030xc.o
                0x08002664                TIM1_CC_IRQHandler
                0x08002664                TIM6_IRQHandler
                0x08002664                I2C1_IRQHandler
                0x08002664                SPI1_IRQHandler
                0x08002664                EXTI2_3_IRQHandler
                0x08002664                ADC1_IRQHandler
                0x08002664                I2C2_IRQHandler
                0x08002664                USART3_6_IRQHandler
                0x08002664                TIM17_IRQHandler
                0x08002664                RTC_IRQHandler
                0x08002664                TIM16_IRQHandler
                0x08002664                TIM3_IRQHandler
                0x08002664                EXTI4_15_IRQHandler
                0x08002664                RCC_IRQHandler
                0x08002664                DMA1_Channel1_IRQHandler
                0x08002664                Default_Handler
                0x08002664                TIM14_IRQHandler
                0x08002664                DMA1_Channel4_5_IRQHandler
                0x08002664                TIM7_IRQHandler
                0x08002664                TIM15_IRQHandler
                0x08002664                EXTI0_1_IRQHandler
                0x08002664                SPI2_IRQHandler
                0x08002664                WWDG_IRQHandler
                0x08002664                DMA1_Channel2_3_IRQHandler
                0x08002664                USART2_IRQHandler
                0x08002664                FLASH_IRQHandler
                0x08002664                USART1_IRQHandler
                0x08002664                TIM1_BRK_UP_TRG_COM_IRQHandler
 *fill*         0x08002666        0x2 
 .text.__libc_init_array
                0x08002668       0x44 c:/vsarm/arm_embedded/9 2020-q2-update/bin/../lib/gcc/arm-none-eabi/9.3.1/../../../../arm-none-eabi/lib/thumb/v6-m/nofp\libc.a(lib_a-init.o)
                0x08002668                __libc_init_array
 .text.memset   0x080026ac       0xa8 c:/vsarm/arm_embedded/9 2020-q2-update/bin/../lib/gcc/arm-none-eabi/9.3.1/../../../../arm-none-eabi/lib/thumb/v6-m/nofp\libc.a(lib_a-memset.o)
                0x080026ac                memset
 .text.startup.register_fini
                0x08002754       0x18 c:/vsarm/arm_embedded/9 2020-q2-update/bin/../lib/gcc/arm-none-eabi/9.3.1/../../../../arm-none-eabi/lib/thumb/v6-m/nofp\libc.a(lib_a-__call_atexit.o)
 .text.atexit   0x0800276c       0x10 c:/vsarm/arm_embedded/9 2020-q2-update/bin/../lib/gcc/arm-none-eabi/9.3.1/../../../../arm-none-eabi/lib/thumb/v6-m/nofp\libc.a(lib_a-atexit.o)
                0x0800276c                atexit
 .text.__libc_fini_array
                0x0800277c       0x28 c:/vsarm/arm_embedded/9 2020-q2-update/bin/../lib/gcc/arm-none-eabi/9.3.1/../../../../arm-none-eabi/lib/thumb/v6-m/nofp\libc.a(lib_a-fini.o)
                0x0800277c                __libc_fini_array
 .text.__retarget_lock_acquire_recursive
                0x080027a4        0x4 c:/vsarm/arm_embedded/9 2020-q2-update/bin/../lib/gcc/arm-none-eabi/9.3.1/../../../../arm-none-eabi/lib/thumb/v6-m/nofp\libc.a(lib_a-lock.o)
                0x080027a4                __retarget_lock_acquire_recursive
 .text.__retarget_lock_release_recursive
                0x080027a8        0x4 c:/vsarm/arm_embedded/9 2020-q2-update/bin/../lib/gcc/arm-none-eabi/9.3.1/../../../../arm-none-eabi/lib/thumb/v6-m/nofp\libc.a(lib_a-lock.o)
                0x080027a8                __retarget_lock_release_recursive
 .text.__register_exitproc
                0x080027ac       0xac c:/vsarm/arm_embedded/9 2020-q2-update/bin/../lib/gcc/arm-none-eabi/9.3.1/../../../../arm-none-eabi/lib/thumb/v6-m/nofp\libc.a(lib_a-__atexit.o)
                0x080027ac                __register_exitproc
 *(.glue_7)
 .glue_7        0x08002858        0x0 linker stubs
 *(.glue_7t)
 .glue_7t       0x08002858        0x0 linker stubs
 *(.eh_frame)
 .eh_frame      0x08002858        0x0 c:/vsarm/arm_embedded/9 2020-q2-update/bin/../lib/gcc/arm-none-eabi/9.3.1/thumb/v6-m/nofp/crtbegin.o
 *(.init)
 .init          0x08002858        0x4 c:/vsarm/arm_embedded/9 2020-q2-update/bin/../lib/gcc/arm-none-eabi/9.3.1/thumb/v6-m/nofp/crti.o
                0x08002858                _init
 .init          0x0800285c        0x8 c:/vsarm/arm_embedded/9 2020-q2-update/bin/../lib/gcc/arm-none-eabi/9.3.1/thumb/v6-m/nofp/crtn.o
 *(.fini)
 .fini          0x08002864        0x4 c:/vsarm/arm_embedded/9 2020-q2-update/bin/../lib/gcc/arm-none-eabi/9.3.1/thumb/v6-m/nofp/crti.o
                0x08002864                _fini
 .fini          0x08002868        0x8 c:/vsarm/arm_embedded/9 2020-q2-update/bin/../lib/gcc/arm-none-eabi/9.3.1/thumb/v6-m/nofp/crtn.o
                0x08002870                . = ALIGN (0x4)
                0x08002870                _etext = .

.vfp11_veneer   0x08002870        0x0
 .vfp11_veneer  0x08002870        0x0 linker stubs

.v4_bx          0x08002870        0x0
 .v4_bx         0x08002870        0x0 linker stubs

.iplt           0x08002870        0x0
 .iplt          0x08002870        0x0 c:/vsarm/arm_embedded/9 2020-q2-update/bin/../lib/gcc/arm-none-eabi/9.3.1/thumb/v6-m/nofp/crtbegin.o

.rodata         0x08002870       0x44
                0x08002870                . = ALIGN (0x4)
 *(.rodata)
 *(.rodata*)
 .rodata.AHBPrescTable
                0x08002870       0x10 build/system_stm32f0xx.o
                0x08002870                AHBPrescTable
 .rodata.APBPrescTable
                0x08002880        0x8 build/system_stm32f0xx.o
                0x08002880                APBPrescTable
 .rodata.HAL_RCC_GetSysClockFreq.str1.4
                0x08002888       0x25 build/stm32f0xx_hal_rcc.o
 *fill*         0x080028ad        0x3 
 .rodata._global_impure_ptr
                0x080028b0        0x4 c:/vsarm/arm_embedded/9 2020-q2-update/bin/../lib/gcc/arm-none-eabi/9.3.1/../../../../arm-none-eabi/lib/thumb/v6-m/nofp\libc.a(lib_a-impure.o)
                0x080028b0                _global_impure_ptr
                0x080028b4                . = ALIGN (0x4)

.rel.dyn        0x080028b4        0x0
 .rel.iplt      0x080028b4        0x0 c:/vsarm/arm_embedded/9 2020-q2-update/bin/../lib/gcc/arm-none-eabi/9.3.1/thumb/v6-m/nofp/crtbegin.o

.ARM.extab
 *(.ARM.extab* .gnu.linkonce.armextab.*)

.ARM            0x080028b4        0x0
                0x080028b4                __exidx_start = .
 *(.ARM.exidx*)
                0x080028b4                __exidx_end = .

.preinit_array  0x080028b4        0x0
                0x080028b4                PROVIDE (__preinit_array_start = .)
 *(.preinit_array*)
                0x080028b4                PROVIDE (__preinit_array_end = .)

.init_array     0x080028b4        0x8
                0x080028b4                PROVIDE (__init_array_start = .)
 *(SORT_BY_NAME(.init_array.*))
 .init_array.00000
                0x080028b4        0x4 c:/vsarm/arm_embedded/9 2020-q2-update/bin/../lib/gcc/arm-none-eabi/9.3.1/../../../../arm-none-eabi/lib/thumb/v6-m/nofp\libc.a(lib_a-__call_atexit.o)
 *(.init_array*)
 .init_array    0x080028b8        0x4 c:/vsarm/arm_embedded/9 2020-q2-update/bin/../lib/gcc/arm-none-eabi/9.3.1/thumb/v6-m/nofp/crtbegin.o
                0x080028bc                PROVIDE (__init_array_end = .)

.fini_array     0x080028bc        0x4
                0x080028bc                PROVIDE (__fini_array_start = .)
 *(SORT_BY_NAME(.fini_array.*))
 *(.fini_array*)
 .fini_array    0x080028bc        0x4 c:/vsarm/arm_embedded/9 2020-q2-update/bin/../lib/gcc/arm-none-eabi/9.3.1/thumb/v6-m/nofp/crtbegin.o
                0x080028c0                PROVIDE (__fini_array_end = .)
                0x080028c0                _sidata = LOADADDR (.data)

.data           0x20000000      0x43c load address 0x080028c0
                0x20000000                . = ALIGN (0x4)
                0x20000000                _sdata = .
 *(.data)
 *(.data*)
 .data.SystemCoreClock
                0x20000000        0x4 build/system_stm32f0xx.o
                0x20000000                SystemCoreClock
 .data.uwTickFreq
                0x20000004        0x1 build/stm32f0xx_hal.o
                0x20000004                uwTickFreq
 *fill*         0x20000005        0x3 
 .data.uwTickPrio
                0x20000008        0x4 build/stm32f0xx_hal.o
                0x20000008                uwTickPrio
 *fill*         0x2000000c        0x4 
 .data.impure_data
                0x20000010      0x428 c:/vsarm/arm_embedded/9 2020-q2-update/bin/../lib/gcc/arm-none-eabi/9.3.1/../../../../arm-none-eabi/lib/thumb/v6-m/nofp\libc.a(lib_a-impure.o)
 .data.__atexit_recursive_mutex
                0x20000438        0x4 c:/vsarm/arm_embedded/9 2020-q2-update/bin/../lib/gcc/arm-none-eabi/9.3.1/../../../../arm-none-eabi/lib/thumb/v6-m/nofp\libc.a(lib_a-__call_atexit.o)
                0x20000438                __atexit_recursive_mutex
                0x2000043c                . = ALIGN (0x4)
                0x2000043c                _edata = .

.igot.plt       0x2000043c        0x0 load address 0x08002cfc
 .igot.plt      0x2000043c        0x0 c:/vsarm/arm_embedded/9 2020-q2-update/bin/../lib/gcc/arm-none-eabi/9.3.1/thumb/v6-m/nofp/crtbegin.o
                0x2000043c                . = ALIGN (0x4)

.bss            0x2000043c      0x1d0 load address 0x08002cfc
                0x2000043c                _sbss = .
                0x2000043c                __bss_start__ = _sbss
 *(.bss)
 .bss           0x2000043c       0x1c c:/vsarm/arm_embedded/9 2020-q2-update/bin/../lib/gcc/arm-none-eabi/9.3.1/thumb/v6-m/nofp/crtbegin.o
 *(.bss*)
 *(COMMON)
 COMMON         0x20000458      0x18c build/main.o
                0x20000458                hi2c1
                0x200004a4                huart1
                0x20000524                htim1
                0x20000564                htim14
                0x200005a4                hadc
 COMMON         0x200005e4        0x4 build/stm32f0xx_hal.o
                0x200005e4                uwTick
 COMMON         0x200005e8       0x21 c:/vsarm/arm_embedded/9 2020-q2-update/bin/../lib/gcc/arm-none-eabi/9.3.1/../../../../arm-none-eabi/lib/thumb/v6-m/nofp\libc.a(lib_a-lock.o)
                0x200005e8                __lock___atexit_recursive_mutex
                0x200005ec                __lock___arc4random_mutex
                0x200005f0                __lock___env_recursive_mutex
                0x200005f4                __lock___sinit_recursive_mutex
                0x200005f8                __lock___malloc_recursive_mutex
                0x200005fc                __lock___at_quick_exit_mutex
                0x20000600                __lock___dd_hash_mutex
                0x20000604                __lock___tz_mutex
                0x20000608                __lock___sfp_recursive_mutex
                0x2000060c                . = ALIGN (0x4)
 *fill*         0x20000609        0x3 
                0x2000060c                _ebss = .
                0x2000060c                __bss_end__ = _ebss

._user_heap_stack
                0x2000060c      0x604 load address 0x08002cfc
                0x20000610                . = ALIGN (0x8)
 *fill*         0x2000060c        0x4 
                [!provide]                PROVIDE (end = .)
                [!provide]                PROVIDE (_end = .)
                0x20000810                . = (. + _Min_Heap_Size)
 *fill*         0x20000610      0x200 
                0x20000c10                . = (. + _Min_Stack_Size)
 *fill*         0x20000810      0x400 
                0x20000c10                . = ALIGN (0x8)

/DISCARD/
 libc.a(*)
 libm.a(*)
 libgcc.a(*)

.ARM.attributes
                0x00000000       0x28
 *(.ARM.attributes)
 .ARM.attributes
                0x00000000       0x1e c:/vsarm/arm_embedded/9 2020-q2-update/bin/../lib/gcc/arm-none-eabi/9.3.1/thumb/v6-m/nofp/crti.o
 .ARM.attributes
                0x0000001e       0x2c c:/vsarm/arm_embedded/9 2020-q2-update/bin/../lib/gcc/arm-none-eabi/9.3.1/thumb/v6-m/nofp/crtbegin.o
 .ARM.attributes
                0x0000004a       0x2c build/main.o
 .ARM.attributes
                0x00000076       0x2c build/stm32f0xx_hal_msp.o
 .ARM.attributes
                0x000000a2       0x2c build/stm32f0xx_it.o
 .ARM.attributes
                0x000000ce       0x2c build/system_stm32f0xx.o
 .ARM.attributes
                0x000000fa       0x2c build/stm32f0xx_hal.o
 .ARM.attributes
                0x00000126       0x2c build/stm32f0xx_hal_adc.o
 .ARM.attributes
                0x00000152       0x2c build/stm32f0xx_hal_cortex.o
 .ARM.attributes
                0x0000017e       0x2c build/stm32f0xx_hal_gpio.o
 .ARM.attributes
                0x000001aa       0x2c build/stm32f0xx_hal_i2c.o
 .ARM.attributes
                0x000001d6       0x2c build/stm32f0xx_hal_i2c_ex.o
 .ARM.attributes
                0x00000202       0x2c build/stm32f0xx_hal_rcc.o
 .ARM.attributes
                0x0000022e       0x2c build/stm32f0xx_hal_rcc_ex.o
 .ARM.attributes
                0x0000025a       0x2c build/stm32f0xx_hal_tim.o
 .ARM.attributes
                0x00000286       0x2c build/stm32f0xx_hal_tim_ex.o
 .ARM.attributes
                0x000002b2       0x2c build/stm32f0xx_hal_uart.o
 .ARM.attributes
                0x000002de       0x21 build/startup_stm32f030xc.o
 .ARM.attributes
                0x000002ff       0x2c c:/vsarm/arm_embedded/9 2020-q2-update/bin/../lib/gcc/arm-none-eabi/9.3.1/../../../../arm-none-eabi/lib/thumb/v6-m/nofp\libc.a(lib_a-impure.o)
 .ARM.attributes
                0x0000032b       0x2c c:/vsarm/arm_embedded/9 2020-q2-update/bin/../lib/gcc/arm-none-eabi/9.3.1/../../../../arm-none-eabi/lib/thumb/v6-m/nofp\libc.a(lib_a-init.o)
 .ARM.attributes
                0x00000357       0x2c c:/vsarm/arm_embedded/9 2020-q2-update/bin/../lib/gcc/arm-none-eabi/9.3.1/../../../../arm-none-eabi/lib/thumb/v6-m/nofp\libc.a(lib_a-memset.o)
 .ARM.attributes
                0x00000383       0x2c c:/vsarm/arm_embedded/9 2020-q2-update/bin/../lib/gcc/arm-none-eabi/9.3.1/../../../../arm-none-eabi/lib/thumb/v6-m/nofp\libc.a(lib_a-__call_atexit.o)
 .ARM.attributes
                0x000003af       0x2c c:/vsarm/arm_embedded/9 2020-q2-update/bin/../lib/gcc/arm-none-eabi/9.3.1/../../../../arm-none-eabi/lib/thumb/v6-m/nofp\libc.a(lib_a-atexit.o)
 .ARM.attributes
                0x000003db       0x2c c:/vsarm/arm_embedded/9 2020-q2-update/bin/../lib/gcc/arm-none-eabi/9.3.1/../../../../arm-none-eabi/lib/thumb/v6-m/nofp\libc.a(lib_a-fini.o)
 .ARM.attributes
                0x00000407       0x2c c:/vsarm/arm_embedded/9 2020-q2-update/bin/../lib/gcc/arm-none-eabi/9.3.1/../../../../arm-none-eabi/lib/thumb/v6-m/nofp\libc.a(lib_a-lock.o)
 .ARM.attributes
                0x00000433       0x2c c:/vsarm/arm_embedded/9 2020-q2-update/bin/../lib/gcc/arm-none-eabi/9.3.1/../../../../arm-none-eabi/lib/thumb/v6-m/nofp\libc.a(lib_a-__atexit.o)
 .ARM.attributes
                0x0000045f       0x1e c:/vsarm/arm_embedded/9 2020-q2-update/bin/../lib/gcc/arm-none-eabi/9.3.1/thumb/v6-m/nofp\libgcc.a(_udivsi3.o)
 .ARM.attributes
                0x0000047d       0x1e c:/vsarm/arm_embedded/9 2020-q2-update/bin/../lib/gcc/arm-none-eabi/9.3.1/thumb/v6-m/nofp\libgcc.a(_divsi3.o)
 .ARM.attributes
                0x0000049b       0x1e c:/vsarm/arm_embedded/9 2020-q2-update/bin/../lib/gcc/arm-none-eabi/9.3.1/thumb/v6-m/nofp\libgcc.a(_dvmd_tls.o)
 .ARM.attributes
                0x000004b9       0x1e c:/vsarm/arm_embedded/9 2020-q2-update/bin/../lib/gcc/arm-none-eabi/9.3.1/thumb/v6-m/nofp/crtn.o
OUTPUT(build/IceLander-Power-test-firmware.elf elf32-littlearm)
LOAD linker stubs
LOAD c:/vsarm/arm_embedded/9 2020-q2-update/bin/../lib/gcc/arm-none-eabi/9.3.1/../../../../arm-none-eabi/lib/thumb/v6-m/nofp\libc.a
LOAD c:/vsarm/arm_embedded/9 2020-q2-update/bin/../lib/gcc/arm-none-eabi/9.3.1/../../../../arm-none-eabi/lib/thumb/v6-m/nofp\libm.a
LOAD c:/vsarm/arm_embedded/9 2020-q2-update/bin/../lib/gcc/arm-none-eabi/9.3.1/thumb/v6-m/nofp\libgcc.a

.debug_info     0x00000000    0x13574
 .debug_info    0x00000000     0x1f05 build/main.o
 .debug_info    0x00001f05     0x1788 build/stm32f0xx_hal_msp.o
 .debug_info    0x0000368d      0x1f1 build/stm32f0xx_it.o
 .debug_info    0x0000387e      0x308 build/system_stm32f0xx.o
 .debug_info    0x00003b86      0x83a build/stm32f0xx_hal.o
 .debug_info    0x000043c0     0x1185 build/stm32f0xx_hal_adc.o
 .debug_info    0x00005545      0x989 build/stm32f0xx_hal_cortex.o
 .debug_info    0x00005ece      0x797 build/stm32f0xx_hal_gpio.o
 .debug_info    0x00006665     0x4236 build/stm32f0xx_hal_i2c.o
 .debug_info    0x0000a89b      0x9f5 build/stm32f0xx_hal_i2c_ex.o
 .debug_info    0x0000b290      0xb5f build/stm32f0xx_hal_rcc.o
 .debug_info    0x0000bdef      0x4d5 build/stm32f0xx_hal_rcc_ex.o
 .debug_info    0x0000c2c4     0x3aff build/stm32f0xx_hal_tim.o
 .debug_info    0x0000fdc3     0x182f build/stm32f0xx_hal_tim_ex.o
 .debug_info    0x000115f2     0x1f60 build/stm32f0xx_hal_uart.o
 .debug_info    0x00013552       0x22 build/startup_stm32f030xc.o

.debug_abbrev   0x00000000     0x2385
 .debug_abbrev  0x00000000      0x2e8 build/main.o
 .debug_abbrev  0x000002e8      0x27e build/stm32f0xx_hal_msp.o
 .debug_abbrev  0x00000566       0xf2 build/stm32f0xx_it.o
 .debug_abbrev  0x00000658      0x14a build/system_stm32f0xx.o
 .debug_abbrev  0x000007a2      0x26b build/stm32f0xx_hal.o
 .debug_abbrev  0x00000a0d      0x293 build/stm32f0xx_hal_adc.o
 .debug_abbrev  0x00000ca0      0x2d1 build/stm32f0xx_hal_cortex.o
 .debug_abbrev  0x00000f71      0x24f build/stm32f0xx_hal_gpio.o
 .debug_abbrev  0x000011c0      0x2f9 build/stm32f0xx_hal_i2c.o
 .debug_abbrev  0x000014b9      0x1f3 build/stm32f0xx_hal_i2c_ex.o
 .debug_abbrev  0x000016ac      0x2a4 build/stm32f0xx_hal_rcc.o
 .debug_abbrev  0x00001950      0x1ea build/stm32f0xx_hal_rcc_ex.o
 .debug_abbrev  0x00001b3a      0x2d4 build/stm32f0xx_hal_tim.o
 .debug_abbrev  0x00001e0e      0x2bc build/stm32f0xx_hal_tim_ex.o
 .debug_abbrev  0x000020ca      0x2a9 build/stm32f0xx_hal_uart.o
 .debug_abbrev  0x00002373       0x12 build/startup_stm32f030xc.o

.debug_loc      0x00000000    0x108d7
 .debug_loc     0x00000000      0x2b2 build/main.o
 .debug_loc     0x000002b2      0x391 build/stm32f0xx_hal_msp.o
 .debug_loc     0x00000643       0x20 build/stm32f0xx_it.o
 .debug_loc     0x00000663      0x16a build/system_stm32f0xx.o
 .debug_loc     0x000007cd      0x1e1 build/stm32f0xx_hal.o
 .debug_loc     0x000009ae     0x10fe build/stm32f0xx_hal_adc.o
 .debug_loc     0x00001aac      0x473 build/stm32f0xx_hal_cortex.o
 .debug_loc     0x00001f1f      0x41f build/stm32f0xx_hal_gpio.o
 .debug_loc     0x0000233e     0x52ee build/stm32f0xx_hal_i2c.o
 .debug_loc     0x0000762c      0x1d2 build/stm32f0xx_hal_i2c_ex.o
 .debug_loc     0x000077fe      0x72b build/stm32f0xx_hal_rcc.o
 .debug_loc     0x00007f29      0x3e3 build/stm32f0xx_hal_rcc_ex.o
 .debug_loc     0x0000830c     0x4ae6 build/stm32f0xx_hal_tim.o
 .debug_loc     0x0000cdf2     0x18a1 build/stm32f0xx_hal_tim_ex.o
 .debug_loc     0x0000e693     0x2244 build/stm32f0xx_hal_uart.o

.debug_aranges  0x00000000      0xe78
 .debug_aranges
                0x00000000       0x68 build/main.o
 .debug_aranges
                0x00000068       0x68 build/stm32f0xx_hal_msp.o
 .debug_aranges
                0x000000d0       0x40 build/stm32f0xx_it.o
 .debug_aranges
                0x00000110       0x28 build/system_stm32f0xx.o
 .debug_aranges
                0x00000138       0xd0 build/stm32f0xx_hal.o
 .debug_aranges
                0x00000208       0xf8 build/stm32f0xx_hal_adc.o
 .debug_aranges
                0x00000300       0x78 build/stm32f0xx_hal_cortex.o
 .debug_aranges
                0x00000378       0x58 build/stm32f0xx_hal_gpio.o
 .debug_aranges
                0x000003d0      0x290 build/stm32f0xx_hal_i2c.o
 .debug_aranges
                0x00000660       0x38 build/stm32f0xx_hal_i2c_ex.o
 .debug_aranges
                0x00000698       0x80 build/stm32f0xx_hal_rcc.o
 .debug_aranges
                0x00000718       0x30 build/stm32f0xx_hal_rcc_ex.o
 .debug_aranges
                0x00000748      0x3b8 build/stm32f0xx_hal_tim.o
 .debug_aranges
                0x00000b00      0x150 build/stm32f0xx_hal_tim_ex.o
 .debug_aranges
                0x00000c50      0x200 build/stm32f0xx_hal_uart.o
 .debug_aranges
                0x00000e50       0x28 build/startup_stm32f030xc.o

.debug_ranges   0x00000000      0xe10
 .debug_ranges  0x00000000       0x58 build/main.o
 .debug_ranges  0x00000058       0x58 build/stm32f0xx_hal_msp.o
 .debug_ranges  0x000000b0       0x30 build/stm32f0xx_it.o
 .debug_ranges  0x000000e0       0x18 build/system_stm32f0xx.o
 .debug_ranges  0x000000f8       0xc0 build/stm32f0xx_hal.o
 .debug_ranges  0x000001b8       0xe8 build/stm32f0xx_hal_adc.o
 .debug_ranges  0x000002a0       0xc8 build/stm32f0xx_hal_cortex.o
 .debug_ranges  0x00000368       0x48 build/stm32f0xx_hal_gpio.o
 .debug_ranges  0x000003b0      0x280 build/stm32f0xx_hal_i2c.o
 .debug_ranges  0x00000630       0x28 build/stm32f0xx_hal_i2c_ex.o
 .debug_ranges  0x00000658       0x88 build/stm32f0xx_hal_rcc.o
 .debug_ranges  0x000006e0       0x38 build/stm32f0xx_hal_rcc_ex.o
 .debug_ranges  0x00000718      0x3a8 build/stm32f0xx_hal_tim.o
 .debug_ranges  0x00000ac0      0x140 build/stm32f0xx_hal_tim_ex.o
 .debug_ranges  0x00000c00      0x1f0 build/stm32f0xx_hal_uart.o
 .debug_ranges  0x00000df0       0x20 build/startup_stm32f030xc.o

.debug_line     0x00000000     0xf80b
 .debug_line    0x00000000      0x7e4 build/main.o
 .debug_line    0x000007e4      0x56c build/stm32f0xx_hal_msp.o
 .debug_line    0x00000d50      0x1ca build/stm32f0xx_it.o
 .debug_line    0x00000f1a      0x234 build/system_stm32f0xx.o
 .debug_line    0x0000114e      0x4dc build/stm32f0xx_hal.o
 .debug_line    0x0000162a      0xfa2 build/stm32f0xx_hal_adc.o
 .debug_line    0x000025cc      0x532 build/stm32f0xx_hal_cortex.o
 .debug_line    0x00002afe      0x659 build/stm32f0xx_hal_gpio.o
 .debug_line    0x00003157     0x48eb build/stm32f0xx_hal_i2c.o
 .debug_line    0x00007a42      0x39e build/stm32f0xx_hal_i2c_ex.o
 .debug_line    0x00007de0      0xb41 build/stm32f0xx_hal_rcc.o
 .debug_line    0x00008921      0x477 build/stm32f0xx_hal_rcc_ex.o
 .debug_line    0x00008d98     0x3854 build/stm32f0xx_hal_tim.o
 .debug_line    0x0000c5ec     0x11a0 build/stm32f0xx_hal_tim_ex.o
 .debug_line    0x0000d78c     0x2008 build/stm32f0xx_hal_uart.o
 .debug_line    0x0000f794       0x77 build/startup_stm32f030xc.o

.debug_str      0x00000000     0x4174
 .debug_str     0x00000000     0x1264 build/main.o
                               0x137b (size before relaxing)
 .debug_str     0x00001264       0xe7 build/stm32f0xx_hal_msp.o
                                0xe32 (size before relaxing)
 .debug_str     0x0000134b       0x6d build/stm32f0xx_it.o
                                0x2b6 (size before relaxing)
 .debug_str     0x000013b8       0x5c build/system_stm32f0xx.o
                                0x2f8 (size before relaxing)
 .debug_str     0x00001414      0x3d0 build/stm32f0xx_hal.o
                                0x6e6 (size before relaxing)
 .debug_str     0x000017e4      0x2b3 build/stm32f0xx_hal_adc.o
                                0x9a7 (size before relaxing)
 .debug_str     0x00001a97      0x260 build/stm32f0xx_hal_cortex.o
                                0x6d0 (size before relaxing)
 .debug_str     0x00001cf7       0xf5 build/stm32f0xx_hal_gpio.o
                                0x4c7 (size before relaxing)
 .debug_str     0x00001dec      0x88b build/stm32f0xx_hal_i2c.o
                               0x1040 (size before relaxing)
 .debug_str     0x00002677       0x86 build/stm32f0xx_hal_i2c_ex.o
                                0x877 (size before relaxing)
 .debug_str     0x000026fd      0x1c8 build/stm32f0xx_hal_rcc.o
                                0x6d1 (size before relaxing)
 .debug_str     0x000028c5       0x94 build/stm32f0xx_hal_rcc_ex.o
                                0x46d (size before relaxing)
 .debug_str     0x00002959      0xd25 build/stm32f0xx_hal_tim.o
                               0x1554 (size before relaxing)
 .debug_str     0x0000367e      0x423 build/stm32f0xx_hal_tim_ex.o
                                0xd20 (size before relaxing)
 .debug_str     0x00003aa1      0x6af build/stm32f0xx_hal_uart.o
                                0xe6d (size before relaxing)
 .debug_str     0x00004150       0x24 build/startup_stm32f030xc.o
                                 0x7b (size before relaxing)

.comment        0x00000000       0x4c
 .comment       0x00000000       0x4c build/main.o
                                 0x4d (size before relaxing)
 .comment       0x0000004c       0x4d build/stm32f0xx_hal_msp.o
 .comment       0x0000004c       0x4d build/stm32f0xx_it.o
 .comment       0x0000004c       0x4d build/system_stm32f0xx.o
 .comment       0x0000004c       0x4d build/stm32f0xx_hal.o
 .comment       0x0000004c       0x4d build/stm32f0xx_hal_adc.o
 .comment       0x0000004c       0x4d build/stm32f0xx_hal_cortex.o
 .comment       0x0000004c       0x4d build/stm32f0xx_hal_gpio.o
 .comment       0x0000004c       0x4d build/stm32f0xx_hal_i2c.o
 .comment       0x0000004c       0x4d build/stm32f0xx_hal_i2c_ex.o
 .comment       0x0000004c       0x4d build/stm32f0xx_hal_rcc.o
 .comment       0x0000004c       0x4d build/stm32f0xx_hal_rcc_ex.o
 .comment       0x0000004c       0x4d build/stm32f0xx_hal_tim.o
 .comment       0x0000004c       0x4d build/stm32f0xx_hal_tim_ex.o
 .comment       0x0000004c       0x4d build/stm32f0xx_hal_uart.o

.debug_frame    0x00000000     0x28e4
 .debug_frame   0x00000000      0x118 build/main.o
 .debug_frame   0x00000118      0x104 build/stm32f0xx_hal_msp.o
 .debug_frame   0x0000021c       0x68 build/stm32f0xx_it.o
 .debug_frame   0x00000284       0x38 build/system_stm32f0xx.o
 .debug_frame   0x000002bc      0x1ac build/stm32f0xx_hal.o
 .debug_frame   0x00000468      0x2a0 build/stm32f0xx_hal_adc.o
 .debug_frame   0x00000708       0xe4 build/stm32f0xx_hal_cortex.o
 .debug_frame   0x000007ec       0xc8 build/stm32f0xx_hal_gpio.o
 .debug_frame   0x000008b4      0x864 build/stm32f0xx_hal_i2c.o
 .debug_frame   0x00001118       0x78 build/stm32f0xx_hal_i2c_ex.o
 .debug_frame   0x00001190      0x13c build/stm32f0xx_hal_rcc.o
 .debug_frame   0x000012cc       0x58 build/stm32f0xx_hal_rcc_ex.o
 .debug_frame   0x00001324      0xa68 build/stm32f0xx_hal_tim.o
 .debug_frame   0x00001d8c      0x3ac build/stm32f0xx_hal_tim_ex.o
 .debug_frame   0x00002138      0x57c build/stm32f0xx_hal_uart.o
 .debug_frame   0x000026b4       0x2c c:/vsarm/arm_embedded/9 2020-q2-update/bin/../lib/gcc/arm-none-eabi/9.3.1/../../../../arm-none-eabi/lib/thumb/v6-m/nofp\libc.a(lib_a-init.o)
 .debug_frame   0x000026e0       0x30 c:/vsarm/arm_embedded/9 2020-q2-update/bin/../lib/gcc/arm-none-eabi/9.3.1/../../../../arm-none-eabi/lib/thumb/v6-m/nofp\libc.a(lib_a-memset.o)
 .debug_frame   0x00002710       0x54 c:/vsarm/arm_embedded/9 2020-q2-update/bin/../lib/gcc/arm-none-eabi/9.3.1/../../../../arm-none-eabi/lib/thumb/v6-m/nofp\libc.a(lib_a-__call_atexit.o)
 .debug_frame   0x00002764       0x28 c:/vsarm/arm_embedded/9 2020-q2-update/bin/../lib/gcc/arm-none-eabi/9.3.1/../../../../arm-none-eabi/lib/thumb/v6-m/nofp\libc.a(lib_a-atexit.o)
 .debug_frame   0x0000278c       0x2c c:/vsarm/arm_embedded/9 2020-q2-update/bin/../lib/gcc/arm-none-eabi/9.3.1/../../../../arm-none-eabi/lib/thumb/v6-m/nofp\libc.a(lib_a-fini.o)
 .debug_frame   0x000027b8       0xb0 c:/vsarm/arm_embedded/9 2020-q2-update/bin/../lib/gcc/arm-none-eabi/9.3.1/../../../../arm-none-eabi/lib/thumb/v6-m/nofp\libc.a(lib_a-lock.o)
 .debug_frame   0x00002868       0x3c c:/vsarm/arm_embedded/9 2020-q2-update/bin/../lib/gcc/arm-none-eabi/9.3.1/../../../../arm-none-eabi/lib/thumb/v6-m/nofp\libc.a(lib_a-__atexit.o)
 .debug_frame   0x000028a4       0x20 c:/vsarm/arm_embedded/9 2020-q2-update/bin/../lib/gcc/arm-none-eabi/9.3.1/thumb/v6-m/nofp\libgcc.a(_udivsi3.o)
 .debug_frame   0x000028c4       0x20 c:/vsarm/arm_embedded/9 2020-q2-update/bin/../lib/gcc/arm-none-eabi/9.3.1/thumb/v6-m/nofp\libgcc.a(_divsi3.o)

Cross Reference Table

Symbol                                            File
ADC1_IRQHandler                                   build/startup_stm32f030xc.o
AHBPrescTable                                     build/system_stm32f0xx.o
                                                  build/stm32f0xx_hal_rcc.o
APBPrescTable                                     build/system_stm32f0xx.o
                                                  build/stm32f0xx_hal_rcc.o
DMA1_Channel1_IRQHandler                          build/startup_stm32f030xc.o
DMA1_Channel2_3_IRQHandler                        build/startup_stm32f030xc.o
DMA1_Channel4_5_IRQHandler                        build/startup_stm32f030xc.o
Default_Handler                                   build/startup_stm32f030xc.o
EXTI0_1_IRQHandler                                build/startup_stm32f030xc.o
EXTI2_3_IRQHandler                                build/startup_stm32f030xc.o
EXTI4_15_IRQHandler                               build/startup_stm32f030xc.o
Error_Handler                                     build/main.o
FLASH_IRQHandler                                  build/startup_stm32f030xc.o
FLASH_PageErase                                   build/stm32f0xx_hal_flash_ex.o
                                                  build/stm32f0xx_hal_flash.o
FLASH_WaitForLastOperation                        build/stm32f0xx_hal_flash.o
                                                  build/stm32f0xx_hal_flash_ex.o
HAL_ADCEx_Calibration_Start                       build/stm32f0xx_hal_adc_ex.o
HAL_ADC_AnalogWDGConfig                           build/stm32f0xx_hal_adc.o
HAL_ADC_ConfigChannel                             build/stm32f0xx_hal_adc.o
                                                  build/main.o
HAL_ADC_ConvCpltCallback                          build/stm32f0xx_hal_adc.o
HAL_ADC_ConvHalfCpltCallback                      build/stm32f0xx_hal_adc.o
HAL_ADC_DeInit                                    build/stm32f0xx_hal_adc.o
HAL_ADC_ErrorCallback                             build/stm32f0xx_hal_adc.o
HAL_ADC_GetError                                  build/stm32f0xx_hal_adc.o
HAL_ADC_GetState                                  build/stm32f0xx_hal_adc.o
HAL_ADC_GetValue                                  build/stm32f0xx_hal_adc.o
                                                  build/main.o
HAL_ADC_IRQHandler                                build/stm32f0xx_hal_adc.o
HAL_ADC_Init                                      build/stm32f0xx_hal_adc.o
                                                  build/main.o
HAL_ADC_LevelOutOfWindowCallback                  build/stm32f0xx_hal_adc.o
HAL_ADC_MspDeInit                                 build/stm32f0xx_hal_msp.o
HAL_ADC_MspInit                                   build/stm32f0xx_hal_msp.o
HAL_ADC_PollForConversion                         build/stm32f0xx_hal_adc.o
                                                  build/main.o
HAL_ADC_PollForEvent                              build/stm32f0xx_hal_adc.o
HAL_ADC_Start                                     build/stm32f0xx_hal_adc.o
                                                  build/main.o
HAL_ADC_Start_DMA                                 build/stm32f0xx_hal_adc.o
HAL_ADC_Start_IT                                  build/stm32f0xx_hal_adc.o
HAL_ADC_Stop                                      build/stm32f0xx_hal_adc.o
HAL_ADC_Stop_DMA                                  build/stm32f0xx_hal_adc.o
HAL_ADC_Stop_IT                                   build/stm32f0xx_hal_adc.o
HAL_DBGMCU_DisableDBGStandbyMode                  build/stm32f0xx_hal.o
HAL_DBGMCU_DisableDBGStopMode                     build/stm32f0xx_hal.o
HAL_DBGMCU_EnableDBGStandbyMode                   build/stm32f0xx_hal.o
HAL_DBGMCU_EnableDBGStopMode                      build/stm32f0xx_hal.o
HAL_DMA_Abort                                     build/stm32f0xx_hal_dma.o
                                                  build/stm32f0xx_hal_uart.o
                                                  build/stm32f0xx_hal_adc.o
HAL_DMA_Abort_IT                                  build/stm32f0xx_hal_dma.o
                                                  build/stm32f0xx_hal_uart.o
                                                  build/stm32f0xx_hal_tim_ex.o
                                                  build/stm32f0xx_hal_tim.o
                                                  build/stm32f0xx_hal_i2c.o
HAL_DMA_DeInit                                    build/stm32f0xx_hal_dma.o
HAL_DMA_GetError                                  build/stm32f0xx_hal_dma.o
                                                  build/stm32f0xx_hal_uart.o
HAL_DMA_GetState                                  build/stm32f0xx_hal_dma.o
                                                  build/stm32f0xx_hal_i2c.o
HAL_DMA_IRQHandler                                build/stm32f0xx_hal_dma.o
HAL_DMA_Init                                      build/stm32f0xx_hal_dma.o
HAL_DMA_PollForTransfer                           build/stm32f0xx_hal_dma.o
HAL_DMA_RegisterCallback                          build/stm32f0xx_hal_dma.o
HAL_DMA_Start                                     build/stm32f0xx_hal_dma.o
HAL_DMA_Start_IT                                  build/stm32f0xx_hal_dma.o
                                                  build/stm32f0xx_hal_uart.o
                                                  build/stm32f0xx_hal_tim_ex.o
                                                  build/stm32f0xx_hal_tim.o
                                                  build/stm32f0xx_hal_i2c.o
                                                  build/stm32f0xx_hal_adc.o
HAL_DMA_UnRegisterCallback                        build/stm32f0xx_hal_dma.o
HAL_DeInit                                        build/stm32f0xx_hal.o
HAL_Delay                                         build/stm32f0xx_hal.o
                                                  build/main.o
HAL_EXTI_ClearConfigLine                          build/stm32f0xx_hal_exti.o
HAL_EXTI_ClearPending                             build/stm32f0xx_hal_exti.o
HAL_EXTI_GenerateSWI                              build/stm32f0xx_hal_exti.o
HAL_EXTI_GetConfigLine                            build/stm32f0xx_hal_exti.o
HAL_EXTI_GetHandle                                build/stm32f0xx_hal_exti.o
HAL_EXTI_GetPending                               build/stm32f0xx_hal_exti.o
HAL_EXTI_IRQHandler                               build/stm32f0xx_hal_exti.o
HAL_EXTI_RegisterCallback                         build/stm32f0xx_hal_exti.o
HAL_EXTI_SetConfigLine                            build/stm32f0xx_hal_exti.o
HAL_FLASHEx_Erase                                 build/stm32f0xx_hal_flash_ex.o
HAL_FLASHEx_Erase_IT                              build/stm32f0xx_hal_flash_ex.o
HAL_FLASHEx_OBErase                               build/stm32f0xx_hal_flash_ex.o
HAL_FLASHEx_OBGetConfig                           build/stm32f0xx_hal_flash_ex.o
HAL_FLASHEx_OBGetUserData                         build/stm32f0xx_hal_flash_ex.o
HAL_FLASHEx_OBProgram                             build/stm32f0xx_hal_flash_ex.o
HAL_FLASH_EndOfOperationCallback                  build/stm32f0xx_hal_flash.o
HAL_FLASH_GetError                                build/stm32f0xx_hal_flash.o
HAL_FLASH_IRQHandler                              build/stm32f0xx_hal_flash.o
HAL_FLASH_Lock                                    build/stm32f0xx_hal_flash.o
HAL_FLASH_OB_Launch                               build/stm32f0xx_hal_flash.o
HAL_FLASH_OB_Lock                                 build/stm32f0xx_hal_flash.o
HAL_FLASH_OB_Unlock                               build/stm32f0xx_hal_flash.o
HAL_FLASH_OperationErrorCallback                  build/stm32f0xx_hal_flash.o
HAL_FLASH_Program                                 build/stm32f0xx_hal_flash.o
HAL_FLASH_Program_IT                              build/stm32f0xx_hal_flash.o
HAL_FLASH_Unlock                                  build/stm32f0xx_hal_flash.o
HAL_GPIO_DeInit                                   build/stm32f0xx_hal_gpio.o
                                                  build/stm32f0xx_hal_msp.o
HAL_GPIO_EXTI_Callback                            build/stm32f0xx_hal_gpio.o
HAL_GPIO_EXTI_IRQHandler                          build/stm32f0xx_hal_gpio.o
HAL_GPIO_Init                                     build/stm32f0xx_hal_gpio.o
                                                  build/stm32f0xx_hal_rcc.o
                                                  build/stm32f0xx_hal_msp.o
                                                  build/main.o
HAL_GPIO_LockPin                                  build/stm32f0xx_hal_gpio.o
HAL_GPIO_ReadPin                                  build/stm32f0xx_hal_gpio.o
HAL_GPIO_TogglePin                                build/stm32f0xx_hal_gpio.o
                                                  build/main.o
HAL_GPIO_WritePin                                 build/stm32f0xx_hal_gpio.o
                                                  build/main.o
HAL_GetDEVID                                      build/stm32f0xx_hal.o
HAL_GetHalVersion                                 build/stm32f0xx_hal.o
HAL_GetREVID                                      build/stm32f0xx_hal.o
HAL_GetTick                                       build/stm32f0xx_hal.o
                                                  build/stm32f0xx_hal_uart.o
                                                  build/stm32f0xx_hal_rcc_ex.o
                                                  build/stm32f0xx_hal_rcc.o
                                                  build/stm32f0xx_hal_i2c.o
                                                  build/stm32f0xx_hal_flash.o
                                                  build/stm32f0xx_hal_dma.o
                                                  build/stm32f0xx_hal_adc_ex.o
                                                  build/stm32f0xx_hal_adc.o
HAL_GetTickFreq                                   build/stm32f0xx_hal.o
HAL_GetTickPrio                                   build/stm32f0xx_hal.o
HAL_GetUIDw0                                      build/stm32f0xx_hal.o
HAL_GetUIDw1                                      build/stm32f0xx_hal.o
HAL_GetUIDw2                                      build/stm32f0xx_hal.o
HAL_HalfDuplex_EnableReceiver                     build/stm32f0xx_hal_uart.o
HAL_HalfDuplex_EnableTransmitter                  build/stm32f0xx_hal_uart.o
HAL_HalfDuplex_Init                               build/stm32f0xx_hal_uart.o
HAL_I2CEx_ConfigAnalogFilter                      build/stm32f0xx_hal_i2c_ex.o
                                                  build/main.o
HAL_I2CEx_ConfigDigitalFilter                     build/stm32f0xx_hal_i2c_ex.o
                                                  build/main.o
HAL_I2CEx_DisableFastModePlus                     build/stm32f0xx_hal_i2c_ex.o
HAL_I2CEx_EnableFastModePlus                      build/stm32f0xx_hal_i2c_ex.o
HAL_I2C_AbortCpltCallback                         build/stm32f0xx_hal_i2c.o
HAL_I2C_AddrCallback                              build/stm32f0xx_hal_i2c.o
HAL_I2C_DeInit                                    build/stm32f0xx_hal_i2c.o
HAL_I2C_DisableListen_IT                          build/stm32f0xx_hal_i2c.o
HAL_I2C_ER_IRQHandler                             build/stm32f0xx_hal_i2c.o
HAL_I2C_EV_IRQHandler                             build/stm32f0xx_hal_i2c.o
HAL_I2C_EnableListen_IT                           build/stm32f0xx_hal_i2c.o
HAL_I2C_ErrorCallback                             build/stm32f0xx_hal_i2c.o
HAL_I2C_GetError                                  build/stm32f0xx_hal_i2c.o
HAL_I2C_GetMode                                   build/stm32f0xx_hal_i2c.o
HAL_I2C_GetState                                  build/stm32f0xx_hal_i2c.o
HAL_I2C_Init                                      build/stm32f0xx_hal_i2c.o
                                                  build/main.o
HAL_I2C_IsDeviceReady                             build/stm32f0xx_hal_i2c.o
HAL_I2C_ListenCpltCallback                        build/stm32f0xx_hal_i2c.o
HAL_I2C_MasterRxCpltCallback                      build/stm32f0xx_hal_i2c.o
HAL_I2C_MasterTxCpltCallback                      build/stm32f0xx_hal_i2c.o
HAL_I2C_Master_Abort_IT                           build/stm32f0xx_hal_i2c.o
HAL_I2C_Master_Receive                            build/stm32f0xx_hal_i2c.o
HAL_I2C_Master_Receive_DMA                        build/stm32f0xx_hal_i2c.o
HAL_I2C_Master_Receive_IT                         build/stm32f0xx_hal_i2c.o
HAL_I2C_Master_Seq_Receive_DMA                    build/stm32f0xx_hal_i2c.o
HAL_I2C_Master_Seq_Receive_IT                     build/stm32f0xx_hal_i2c.o
HAL_I2C_Master_Seq_Transmit_DMA                   build/stm32f0xx_hal_i2c.o
HAL_I2C_Master_Seq_Transmit_IT                    build/stm32f0xx_hal_i2c.o
HAL_I2C_Master_Transmit                           build/stm32f0xx_hal_i2c.o
HAL_I2C_Master_Transmit_DMA                       build/stm32f0xx_hal_i2c.o
HAL_I2C_Master_Transmit_IT                        build/stm32f0xx_hal_i2c.o
HAL_I2C_MemRxCpltCallback                         build/stm32f0xx_hal_i2c.o
HAL_I2C_MemTxCpltCallback                         build/stm32f0xx_hal_i2c.o
HAL_I2C_Mem_Read                                  build/stm32f0xx_hal_i2c.o
HAL_I2C_Mem_Read_DMA                              build/stm32f0xx_hal_i2c.o
HAL_I2C_Mem_Read_IT                               build/stm32f0xx_hal_i2c.o
HAL_I2C_Mem_Write                                 build/stm32f0xx_hal_i2c.o
HAL_I2C_Mem_Write_DMA                             build/stm32f0xx_hal_i2c.o
HAL_I2C_Mem_Write_IT                              build/stm32f0xx_hal_i2c.o
HAL_I2C_MspDeInit                                 build/stm32f0xx_hal_msp.o
HAL_I2C_MspInit                                   build/stm32f0xx_hal_msp.o
HAL_I2C_SlaveRxCpltCallback                       build/stm32f0xx_hal_i2c.o
HAL_I2C_SlaveTxCpltCallback                       build/stm32f0xx_hal_i2c.o
HAL_I2C_Slave_Receive                             build/stm32f0xx_hal_i2c.o
HAL_I2C_Slave_Receive_DMA                         build/stm32f0xx_hal_i2c.o
HAL_I2C_Slave_Receive_IT                          build/stm32f0xx_hal_i2c.o
HAL_I2C_Slave_Seq_Receive_DMA                     build/stm32f0xx_hal_i2c.o
HAL_I2C_Slave_Seq_Receive_IT                      build/stm32f0xx_hal_i2c.o
HAL_I2C_Slave_Seq_Transmit_DMA                    build/stm32f0xx_hal_i2c.o
HAL_I2C_Slave_Seq_Transmit_IT                     build/stm32f0xx_hal_i2c.o
HAL_I2C_Slave_Transmit                            build/stm32f0xx_hal_i2c.o
HAL_I2C_Slave_Transmit_DMA                        build/stm32f0xx_hal_i2c.o
HAL_I2C_Slave_Transmit_IT                         build/stm32f0xx_hal_i2c.o
HAL_IncTick                                       build/stm32f0xx_hal.o
                                                  build/stm32f0xx_it.o
HAL_Init                                          build/stm32f0xx_hal.o
                                                  build/main.o
HAL_InitTick                                      build/stm32f0xx_hal.o
                                                  build/stm32f0xx_hal_rcc.o
HAL_MspDeInit                                     build/stm32f0xx_hal.o
HAL_MspInit                                       build/stm32f0xx_hal_msp.o
HAL_MultiProcessorEx_AddressLength_Set            build/stm32f0xx_hal_uart_ex.o
HAL_MultiProcessor_DisableMuteMode                build/stm32f0xx_hal_uart.o
HAL_MultiProcessor_EnableMuteMode                 build/stm32f0xx_hal_uart.o
HAL_MultiProcessor_EnterMuteMode                  build/stm32f0xx_hal_uart.o
HAL_MultiProcessor_Init                           build/stm32f0xx_hal_uart.o
HAL_NVIC_ClearPendingIRQ                          build/stm32f0xx_hal_cortex.o
HAL_NVIC_DisableIRQ                               build/stm32f0xx_hal_cortex.o
HAL_NVIC_EnableIRQ                                build/stm32f0xx_hal_cortex.o
HAL_NVIC_GetPendingIRQ                            build/stm32f0xx_hal_cortex.o
HAL_NVIC_GetPriority                              build/stm32f0xx_hal_cortex.o
HAL_NVIC_SetPendingIRQ                            build/stm32f0xx_hal_cortex.o
HAL_NVIC_SetPriority                              build/stm32f0xx_hal_cortex.o
                                                  build/stm32f0xx_hal.o
HAL_NVIC_SystemReset                              build/stm32f0xx_hal_cortex.o
HAL_PWR_DeInit                                    build/stm32f0xx_hal_pwr.o
HAL_PWR_DisableBkUpAccess                         build/stm32f0xx_hal_pwr.o
HAL_PWR_DisableSEVOnPend                          build/stm32f0xx_hal_pwr.o
HAL_PWR_DisableSleepOnExit                        build/stm32f0xx_hal_pwr.o
HAL_PWR_DisableWakeUpPin                          build/stm32f0xx_hal_pwr.o
HAL_PWR_EnableBkUpAccess                          build/stm32f0xx_hal_pwr.o
HAL_PWR_EnableSEVOnPend                           build/stm32f0xx_hal_pwr.o
HAL_PWR_EnableSleepOnExit                         build/stm32f0xx_hal_pwr.o
HAL_PWR_EnableWakeUpPin                           build/stm32f0xx_hal_pwr.o
HAL_PWR_EnterSLEEPMode                            build/stm32f0xx_hal_pwr.o
HAL_PWR_EnterSTANDBYMode                          build/stm32f0xx_hal_pwr.o
HAL_PWR_EnterSTOPMode                             build/stm32f0xx_hal_pwr.o
HAL_RCCEx_GetPeriphCLKConfig                      build/stm32f0xx_hal_rcc_ex.o
HAL_RCCEx_GetPeriphCLKFreq                        build/stm32f0xx_hal_rcc_ex.o
HAL_RCCEx_PeriphCLKConfig                         build/stm32f0xx_hal_rcc_ex.o
                                                  build/main.o
HAL_RCC_CSSCallback                               build/stm32f0xx_hal_rcc.o
HAL_RCC_ClockConfig                               build/stm32f0xx_hal_rcc.o
                                                  build/main.o
HAL_RCC_DeInit                                    build/stm32f0xx_hal_rcc.o
HAL_RCC_DisableCSS                                build/stm32f0xx_hal_rcc.o
HAL_RCC_EnableCSS                                 build/stm32f0xx_hal_rcc.o
HAL_RCC_GetClockConfig                            build/stm32f0xx_hal_rcc.o
HAL_RCC_GetHCLKFreq                               build/stm32f0xx_hal_rcc.o
HAL_RCC_GetOscConfig                              build/stm32f0xx_hal_rcc.o
HAL_RCC_GetPCLK1Freq                              build/stm32f0xx_hal_rcc.o
                                                  build/stm32f0xx_hal_uart.o
                                                  build/stm32f0xx_hal_rcc_ex.o
HAL_RCC_GetSysClockFreq                           build/stm32f0xx_hal_rcc.o
                                                  build/stm32f0xx_hal_uart.o
                                                  build/stm32f0xx_hal_rcc_ex.o
HAL_RCC_MCOConfig                                 build/stm32f0xx_hal_rcc.o
HAL_RCC_NMI_IRQHandler                            build/stm32f0xx_hal_rcc.o
HAL_RCC_OscConfig                                 build/stm32f0xx_hal_rcc.o
                                                  build/main.o
HAL_RS485Ex_Init                                  build/stm32f0xx_hal_uart_ex.o
HAL_ResumeTick                                    build/stm32f0xx_hal.o
HAL_SYSTICK_CLKSourceConfig                       build/stm32f0xx_hal_cortex.o
HAL_SYSTICK_Callback                              build/stm32f0xx_hal_cortex.o
HAL_SYSTICK_Config                                build/stm32f0xx_hal_cortex.o
                                                  build/stm32f0xx_hal.o
HAL_SYSTICK_IRQHandler                            build/stm32f0xx_hal_cortex.o
HAL_SetTickFreq                                   build/stm32f0xx_hal.o
HAL_SuspendTick                                   build/stm32f0xx_hal.o
HAL_TIMEx_BreakCallback                           build/stm32f0xx_hal_tim_ex.o
                                                  build/stm32f0xx_hal_tim.o
HAL_TIMEx_CommutCallback                          build/stm32f0xx_hal_tim_ex.o
                                                  build/stm32f0xx_hal_tim.o
HAL_TIMEx_CommutHalfCpltCallback                  build/stm32f0xx_hal_tim_ex.o
HAL_TIMEx_ConfigBreakDeadTime                     build/stm32f0xx_hal_tim_ex.o
                                                  build/main.o
HAL_TIMEx_ConfigCommutEvent                       build/stm32f0xx_hal_tim_ex.o
HAL_TIMEx_ConfigCommutEvent_DMA                   build/stm32f0xx_hal_tim_ex.o
HAL_TIMEx_ConfigCommutEvent_IT                    build/stm32f0xx_hal_tim_ex.o
HAL_TIMEx_HallSensor_DeInit                       build/stm32f0xx_hal_tim_ex.o
HAL_TIMEx_HallSensor_GetState                     build/stm32f0xx_hal_tim_ex.o
HAL_TIMEx_HallSensor_Init                         build/stm32f0xx_hal_tim_ex.o
HAL_TIMEx_HallSensor_MspDeInit                    build/stm32f0xx_hal_tim_ex.o
HAL_TIMEx_HallSensor_MspInit                      build/stm32f0xx_hal_tim_ex.o
HAL_TIMEx_HallSensor_Start                        build/stm32f0xx_hal_tim_ex.o
HAL_TIMEx_HallSensor_Start_DMA                    build/stm32f0xx_hal_tim_ex.o
HAL_TIMEx_HallSensor_Start_IT                     build/stm32f0xx_hal_tim_ex.o
HAL_TIMEx_HallSensor_Stop                         build/stm32f0xx_hal_tim_ex.o
HAL_TIMEx_HallSensor_Stop_DMA                     build/stm32f0xx_hal_tim_ex.o
HAL_TIMEx_HallSensor_Stop_IT                      build/stm32f0xx_hal_tim_ex.o
HAL_TIMEx_MasterConfigSynchronization             build/stm32f0xx_hal_tim_ex.o
                                                  build/main.o
HAL_TIMEx_OCN_Start                               build/stm32f0xx_hal_tim_ex.o
HAL_TIMEx_OCN_Start_DMA                           build/stm32f0xx_hal_tim_ex.o
HAL_TIMEx_OCN_Start_IT                            build/stm32f0xx_hal_tim_ex.o
HAL_TIMEx_OCN_Stop                                build/stm32f0xx_hal_tim_ex.o
HAL_TIMEx_OCN_Stop_DMA                            build/stm32f0xx_hal_tim_ex.o
HAL_TIMEx_OCN_Stop_IT                             build/stm32f0xx_hal_tim_ex.o
HAL_TIMEx_OnePulseN_Start                         build/stm32f0xx_hal_tim_ex.o
HAL_TIMEx_OnePulseN_Start_IT                      build/stm32f0xx_hal_tim_ex.o
HAL_TIMEx_OnePulseN_Stop                          build/stm32f0xx_hal_tim_ex.o
HAL_TIMEx_OnePulseN_Stop_IT                       build/stm32f0xx_hal_tim_ex.o
HAL_TIMEx_PWMN_Start                              build/stm32f0xx_hal_tim_ex.o
HAL_TIMEx_PWMN_Start_DMA                          build/stm32f0xx_hal_tim_ex.o
HAL_TIMEx_PWMN_Start_IT                           build/stm32f0xx_hal_tim_ex.o
HAL_TIMEx_PWMN_Stop                               build/stm32f0xx_hal_tim_ex.o
HAL_TIMEx_PWMN_Stop_DMA                           build/stm32f0xx_hal_tim_ex.o
HAL_TIMEx_PWMN_Stop_IT                            build/stm32f0xx_hal_tim_ex.o
HAL_TIMEx_RemapConfig                             build/stm32f0xx_hal_tim_ex.o
HAL_TIM_Base_DeInit                               build/stm32f0xx_hal_tim.o
HAL_TIM_Base_GetState                             build/stm32f0xx_hal_tim.o
HAL_TIM_Base_Init                                 build/stm32f0xx_hal_tim.o
                                                  build/main.o
HAL_TIM_Base_MspDeInit                            build/stm32f0xx_hal_msp.o
HAL_TIM_Base_MspInit                              build/stm32f0xx_hal_msp.o
HAL_TIM_Base_Start                                build/stm32f0xx_hal_tim.o
HAL_TIM_Base_Start_DMA                            build/stm32f0xx_hal_tim.o
HAL_TIM_Base_Start_IT                             build/stm32f0xx_hal_tim.o
HAL_TIM_Base_Stop                                 build/stm32f0xx_hal_tim.o
HAL_TIM_Base_Stop_DMA                             build/stm32f0xx_hal_tim.o
HAL_TIM_Base_Stop_IT                              build/stm32f0xx_hal_tim.o
HAL_TIM_ConfigClockSource                         build/stm32f0xx_hal_tim.o
                                                  build/main.o
HAL_TIM_ConfigOCrefClear                          build/stm32f0xx_hal_tim.o
HAL_TIM_ConfigTI1Input                            build/stm32f0xx_hal_tim.o
HAL_TIM_DMABurst_MultiReadStart                   build/stm32f0xx_hal_tim.o
HAL_TIM_DMABurst_MultiWriteStart                  build/stm32f0xx_hal_tim.o
HAL_TIM_DMABurst_ReadStart                        build/stm32f0xx_hal_tim.o
HAL_TIM_DMABurst_ReadStop                         build/stm32f0xx_hal_tim.o
HAL_TIM_DMABurst_WriteStart                       build/stm32f0xx_hal_tim.o
HAL_TIM_DMABurst_WriteStop                        build/stm32f0xx_hal_tim.o
HAL_TIM_Encoder_DeInit                            build/stm32f0xx_hal_tim.o
HAL_TIM_Encoder_GetState                          build/stm32f0xx_hal_tim.o
HAL_TIM_Encoder_Init                              build/stm32f0xx_hal_tim.o
HAL_TIM_Encoder_MspDeInit                         build/stm32f0xx_hal_tim.o
HAL_TIM_Encoder_MspInit                           build/stm32f0xx_hal_tim.o
HAL_TIM_Encoder_Start                             build/stm32f0xx_hal_tim.o
HAL_TIM_Encoder_Start_DMA                         build/stm32f0xx_hal_tim.o
HAL_TIM_Encoder_Start_IT                          build/stm32f0xx_hal_tim.o
HAL_TIM_Encoder_Stop                              build/stm32f0xx_hal_tim.o
HAL_TIM_Encoder_Stop_DMA                          build/stm32f0xx_hal_tim.o
HAL_TIM_Encoder_Stop_IT                           build/stm32f0xx_hal_tim.o
HAL_TIM_ErrorCallback                             build/stm32f0xx_hal_tim.o
HAL_TIM_GenerateEvent                             build/stm32f0xx_hal_tim.o
HAL_TIM_IC_CaptureCallback                        build/stm32f0xx_hal_tim.o
HAL_TIM_IC_CaptureHalfCpltCallback                build/stm32f0xx_hal_tim.o
HAL_TIM_IC_ConfigChannel                          build/stm32f0xx_hal_tim.o
HAL_TIM_IC_DeInit                                 build/stm32f0xx_hal_tim.o
HAL_TIM_IC_GetState                               build/stm32f0xx_hal_tim.o
HAL_TIM_IC_Init                                   build/stm32f0xx_hal_tim.o
HAL_TIM_IC_MspDeInit                              build/stm32f0xx_hal_tim.o
HAL_TIM_IC_MspInit                                build/stm32f0xx_hal_tim.o
HAL_TIM_IC_Start                                  build/stm32f0xx_hal_tim.o
HAL_TIM_IC_Start_DMA                              build/stm32f0xx_hal_tim.o
HAL_TIM_IC_Start_IT                               build/stm32f0xx_hal_tim.o
HAL_TIM_IC_Stop                                   build/stm32f0xx_hal_tim.o
HAL_TIM_IC_Stop_DMA                               build/stm32f0xx_hal_tim.o
HAL_TIM_IC_Stop_IT                                build/stm32f0xx_hal_tim.o
HAL_TIM_IRQHandler                                build/stm32f0xx_hal_tim.o
HAL_TIM_MspPostInit                               build/stm32f0xx_hal_msp.o
                                                  build/main.o
HAL_TIM_OC_ConfigChannel                          build/stm32f0xx_hal_tim.o
HAL_TIM_OC_DeInit                                 build/stm32f0xx_hal_tim.o
HAL_TIM_OC_DelayElapsedCallback                   build/stm32f0xx_hal_tim.o
HAL_TIM_OC_GetState                               build/stm32f0xx_hal_tim.o
HAL_TIM_OC_Init                                   build/stm32f0xx_hal_tim.o
HAL_TIM_OC_MspDeInit                              build/stm32f0xx_hal_tim.o
HAL_TIM_OC_MspInit                                build/stm32f0xx_hal_tim.o
HAL_TIM_OC_Start                                  build/stm32f0xx_hal_tim.o
HAL_TIM_OC_Start_DMA                              build/stm32f0xx_hal_tim.o
HAL_TIM_OC_Start_IT                               build/stm32f0xx_hal_tim.o
HAL_TIM_OC_Stop                                   build/stm32f0xx_hal_tim.o
HAL_TIM_OC_Stop_DMA                               build/stm32f0xx_hal_tim.o
HAL_TIM_OC_Stop_IT                                build/stm32f0xx_hal_tim.o
HAL_TIM_OnePulse_ConfigChannel                    build/stm32f0xx_hal_tim.o
HAL_TIM_OnePulse_DeInit                           build/stm32f0xx_hal_tim.o
HAL_TIM_OnePulse_GetState                         build/stm32f0xx_hal_tim.o
HAL_TIM_OnePulse_Init                             build/stm32f0xx_hal_tim.o
HAL_TIM_OnePulse_MspDeInit                        build/stm32f0xx_hal_tim.o
HAL_TIM_OnePulse_MspInit                          build/stm32f0xx_hal_tim.o
HAL_TIM_OnePulse_Start                            build/stm32f0xx_hal_tim.o
HAL_TIM_OnePulse_Start_IT                         build/stm32f0xx_hal_tim.o
HAL_TIM_OnePulse_Stop                             build/stm32f0xx_hal_tim.o
HAL_TIM_OnePulse_Stop_IT                          build/stm32f0xx_hal_tim.o
HAL_TIM_PWM_ConfigChannel                         build/stm32f0xx_hal_tim.o
                                                  build/main.o
HAL_TIM_PWM_DeInit                                build/stm32f0xx_hal_tim.o
HAL_TIM_PWM_GetState                              build/stm32f0xx_hal_tim.o
HAL_TIM_PWM_Init                                  build/stm32f0xx_hal_tim.o
                                                  build/main.o
HAL_TIM_PWM_MspDeInit                             build/stm32f0xx_hal_tim.o
HAL_TIM_PWM_MspInit                               build/stm32f0xx_hal_tim.o
HAL_TIM_PWM_PulseFinishedCallback                 build/stm32f0xx_hal_tim.o
HAL_TIM_PWM_PulseFinishedHalfCpltCallback         build/stm32f0xx_hal_tim.o
HAL_TIM_PWM_Start                                 build/stm32f0xx_hal_tim.o
                                                  build/main.o
HAL_TIM_PWM_Start_DMA                             build/stm32f0xx_hal_tim.o
HAL_TIM_PWM_Start_IT                              build/stm32f0xx_hal_tim.o
HAL_TIM_PWM_Stop                                  build/stm32f0xx_hal_tim.o
HAL_TIM_PWM_Stop_DMA                              build/stm32f0xx_hal_tim.o
HAL_TIM_PWM_Stop_IT                               build/stm32f0xx_hal_tim.o
HAL_TIM_PeriodElapsedCallback                     build/stm32f0xx_hal_tim.o
HAL_TIM_PeriodElapsedHalfCpltCallback             build/stm32f0xx_hal_tim.o
HAL_TIM_ReadCapturedValue                         build/stm32f0xx_hal_tim.o
HAL_TIM_SlaveConfigSynchro                        build/stm32f0xx_hal_tim.o
HAL_TIM_SlaveConfigSynchro_IT                     build/stm32f0xx_hal_tim.o
HAL_TIM_TriggerCallback                           build/stm32f0xx_hal_tim.o
HAL_TIM_TriggerHalfCpltCallback                   build/stm32f0xx_hal_tim.o
HAL_UART_Abort                                    build/stm32f0xx_hal_uart.o
HAL_UART_AbortCpltCallback                        build/stm32f0xx_hal_uart.o
HAL_UART_AbortReceive                             build/stm32f0xx_hal_uart.o
HAL_UART_AbortReceiveCpltCallback                 build/stm32f0xx_hal_uart.o
HAL_UART_AbortReceive_IT                          build/stm32f0xx_hal_uart.o
HAL_UART_AbortTransmit                            build/stm32f0xx_hal_uart.o
HAL_UART_AbortTransmitCpltCallback                build/stm32f0xx_hal_uart.o
HAL_UART_AbortTransmit_IT                         build/stm32f0xx_hal_uart.o
HAL_UART_Abort_IT                                 build/stm32f0xx_hal_uart.o
HAL_UART_DMAPause                                 build/stm32f0xx_hal_uart.o
HAL_UART_DMAResume                                build/stm32f0xx_hal_uart.o
HAL_UART_DMAStop                                  build/stm32f0xx_hal_uart.o
HAL_UART_DeInit                                   build/stm32f0xx_hal_uart.o
HAL_UART_DisableReceiverTimeout                   build/stm32f0xx_hal_uart.o
HAL_UART_EnableReceiverTimeout                    build/stm32f0xx_hal_uart.o
HAL_UART_ErrorCallback                            build/stm32f0xx_hal_uart.o
HAL_UART_GetError                                 build/stm32f0xx_hal_uart.o
HAL_UART_GetState                                 build/stm32f0xx_hal_uart.o
HAL_UART_IRQHandler                               build/stm32f0xx_hal_uart.o
HAL_UART_Init                                     build/stm32f0xx_hal_uart.o
                                                  build/main.o
HAL_UART_MspDeInit                                build/stm32f0xx_hal_msp.o
HAL_UART_MspInit                                  build/stm32f0xx_hal_msp.o
                                                  build/stm32f0xx_hal_uart_ex.o
HAL_UART_Receive                                  build/stm32f0xx_hal_uart.o
HAL_UART_Receive_DMA                              build/stm32f0xx_hal_uart.o
HAL_UART_Receive_IT                               build/stm32f0xx_hal_uart.o
HAL_UART_ReceiverTimeout_Config                   build/stm32f0xx_hal_uart.o
HAL_UART_RxCpltCallback                           build/stm32f0xx_hal_uart.o
HAL_UART_RxHalfCpltCallback                       build/stm32f0xx_hal_uart.o
HAL_UART_Transmit                                 build/stm32f0xx_hal_uart.o
HAL_UART_Transmit_DMA                             build/stm32f0xx_hal_uart.o
HAL_UART_Transmit_IT                              build/stm32f0xx_hal_uart.o
HAL_UART_TxCpltCallback                           build/stm32f0xx_hal_uart.o
HAL_UART_TxHalfCpltCallback                       build/stm32f0xx_hal_uart.o
HardFault_Handler                                 build/stm32f0xx_it.o
I2C1_IRQHandler                                   build/startup_stm32f030xc.o
I2C2_IRQHandler                                   build/startup_stm32f030xc.o
NMI_Handler                                       build/stm32f0xx_it.o
PendSV_Handler                                    build/stm32f0xx_it.o
RCC_IRQHandler                                    build/startup_stm32f030xc.o
RTC_IRQHandler                                    build/startup_stm32f030xc.o
Reset_Handler                                     build/startup_stm32f030xc.o
SPI1_IRQHandler                                   build/startup_stm32f030xc.o
SPI2_IRQHandler                                   build/startup_stm32f030xc.o
SVC_Handler                                       build/stm32f0xx_it.o
SysTick_Handler                                   build/stm32f0xx_it.o
SystemClock_Config                                build/main.o
SystemCoreClock                                   build/system_stm32f0xx.o
                                                  build/stm32f0xx_hal_rcc.o
                                                  build/stm32f0xx_hal_adc.o
                                                  build/stm32f0xx_hal.o
SystemCoreClockUpdate                             build/system_stm32f0xx.o
SystemInit                                        build/system_stm32f0xx.o
                                                  build/startup_stm32f030xc.o
TIM14_IRQHandler                                  build/startup_stm32f030xc.o
TIM15_IRQHandler                                  build/startup_stm32f030xc.o
TIM16_IRQHandler                                  build/startup_stm32f030xc.o
TIM17_IRQHandler                                  build/startup_stm32f030xc.o
TIM1_BRK_UP_TRG_COM_IRQHandler                    build/startup_stm32f030xc.o
TIM1_CC_IRQHandler                                build/startup_stm32f030xc.o
TIM3_IRQHandler                                   build/startup_stm32f030xc.o
TIM6_IRQHandler                                   build/startup_stm32f030xc.o
TIM7_IRQHandler                                   build/startup_stm32f030xc.o
TIMEx_DMACommutationCplt                          build/stm32f0xx_hal_tim_ex.o
                                                  build/stm32f0xx_hal_tim.o
TIMEx_DMACommutationHalfCplt                      build/stm32f0xx_hal_tim_ex.o
                                                  build/stm32f0xx_hal_tim.o
TIM_Base_SetConfig                                build/stm32f0xx_hal_tim.o
                                                  build/stm32f0xx_hal_tim_ex.o
TIM_CCxChannelCmd                                 build/stm32f0xx_hal_tim.o
                                                  build/stm32f0xx_hal_tim_ex.o
TIM_DMACaptureCplt                                build/stm32f0xx_hal_tim.o
                                                  build/stm32f0xx_hal_tim_ex.o
TIM_DMACaptureHalfCplt                            build/stm32f0xx_hal_tim.o
                                                  build/stm32f0xx_hal_tim_ex.o
TIM_DMADelayPulseCplt                             build/stm32f0xx_hal_tim.o
                                                  build/stm32f0xx_hal_tim_ex.o
TIM_DMADelayPulseHalfCplt                         build/stm32f0xx_hal_tim.o
                                                  build/stm32f0xx_hal_tim_ex.o
TIM_DMAError                                      build/stm32f0xx_hal_tim.o
                                                  build/stm32f0xx_hal_tim_ex.o
TIM_ETR_SetConfig                                 build/stm32f0xx_hal_tim.o
TIM_OC2_SetConfig                                 build/stm32f0xx_hal_tim.o
                                                  build/stm32f0xx_hal_tim_ex.o
TIM_TI1_SetConfig                                 build/stm32f0xx_hal_tim.o
                                                  build/stm32f0xx_hal_tim_ex.o
UART_AdvFeatureConfig                             build/stm32f0xx_hal_uart.o
                                                  build/stm32f0xx_hal_uart_ex.o
UART_CheckIdleState                               build/stm32f0xx_hal_uart.o
                                                  build/stm32f0xx_hal_uart_ex.o
UART_SetConfig                                    build/stm32f0xx_hal_uart.o
                                                  build/stm32f0xx_hal_uart_ex.o
UART_WaitOnFlagUntilTimeout                       build/stm32f0xx_hal_uart.o
USART1_IRQHandler                                 build/startup_stm32f030xc.o
USART2_IRQHandler                                 build/startup_stm32f030xc.o
USART3_6_IRQHandler                               build/startup_stm32f030xc.o
WWDG_IRQHandler                                   build/startup_stm32f030xc.o
__aeabi_idiv                                      c:/vsarm/arm_embedded/9 2020-q2-update/bin/../lib/gcc/arm-none-eabi/9.3.1/thumb/v6-m/nofp\libgcc.a(_divsi3.o)
                                                  build/main.o
__aeabi_idiv0                                     c:/vsarm/arm_embedded/9 2020-q2-update/bin/../lib/gcc/arm-none-eabi/9.3.1/thumb/v6-m/nofp\libgcc.a(_dvmd_tls.o)
                                                  c:/vsarm/arm_embedded/9 2020-q2-update/bin/../lib/gcc/arm-none-eabi/9.3.1/thumb/v6-m/nofp\libgcc.a(_divsi3.o)
                                                  c:/vsarm/arm_embedded/9 2020-q2-update/bin/../lib/gcc/arm-none-eabi/9.3.1/thumb/v6-m/nofp\libgcc.a(_udivsi3.o)
__aeabi_idivmod                                   c:/vsarm/arm_embedded/9 2020-q2-update/bin/../lib/gcc/arm-none-eabi/9.3.1/thumb/v6-m/nofp\libgcc.a(_divsi3.o)
__aeabi_ldiv0                                     c:/vsarm/arm_embedded/9 2020-q2-update/bin/../lib/gcc/arm-none-eabi/9.3.1/thumb/v6-m/nofp\libgcc.a(_dvmd_tls.o)
__aeabi_uidiv                                     c:/vsarm/arm_embedded/9 2020-q2-update/bin/../lib/gcc/arm-none-eabi/9.3.1/thumb/v6-m/nofp\libgcc.a(_udivsi3.o)
                                                  build/stm32f0xx_hal_uart.o
                                                  build/stm32f0xx_hal_rcc.o
                                                  build/stm32f0xx_hal_dma.o
                                                  build/stm32f0xx_hal_adc.o
                                                  build/stm32f0xx_hal.o
                                                  build/system_stm32f0xx.o
__aeabi_uidivmod                                  c:/vsarm/arm_embedded/9 2020-q2-update/bin/../lib/gcc/arm-none-eabi/9.3.1/thumb/v6-m/nofp\libgcc.a(_udivsi3.o)
__atexit_recursive_mutex                          c:/vsarm/arm_embedded/9 2020-q2-update/bin/../lib/gcc/arm-none-eabi/9.3.1/../../../../arm-none-eabi/lib/thumb/v6-m/nofp\libc.a(lib_a-__call_atexit.o)
                                                  c:/vsarm/arm_embedded/9 2020-q2-update/bin/../lib/gcc/arm-none-eabi/9.3.1/../../../../arm-none-eabi/lib/thumb/v6-m/nofp\libc.a(lib_a-__atexit.o)
__bss_end__                                       c:/vsarm/arm_embedded/9 2020-q2-update/bin/../lib/gcc/arm-none-eabi/9.3.1/../../../../arm-none-eabi/lib/thumb/v6-m/nofp/crt0.o
__bss_start__                                     c:/vsarm/arm_embedded/9 2020-q2-update/bin/../lib/gcc/arm-none-eabi/9.3.1/../../../../arm-none-eabi/lib/thumb/v6-m/nofp/crt0.o
__call_exitprocs                                  c:/vsarm/arm_embedded/9 2020-q2-update/bin/../lib/gcc/arm-none-eabi/9.3.1/../../../../arm-none-eabi/lib/thumb/v6-m/nofp\libc.a(lib_a-__call_atexit.o)
                                                  c:/vsarm/arm_embedded/9 2020-q2-update/bin/../lib/gcc/arm-none-eabi/9.3.1/../../../../arm-none-eabi/lib/thumb/v6-m/nofp\libc.a(lib_a-exit.o)
__deregister_frame_info                           c:/vsarm/arm_embedded/9 2020-q2-update/bin/../lib/gcc/arm-none-eabi/9.3.1/thumb/v6-m/nofp/crtbegin.o
__divsi3                                          c:/vsarm/arm_embedded/9 2020-q2-update/bin/../lib/gcc/arm-none-eabi/9.3.1/thumb/v6-m/nofp\libgcc.a(_divsi3.o)
__dso_handle                                      c:/vsarm/arm_embedded/9 2020-q2-update/bin/../lib/gcc/arm-none-eabi/9.3.1/thumb/v6-m/nofp/crtbegin.o
__fini_array_end                                  c:/vsarm/arm_embedded/9 2020-q2-update/bin/../lib/gcc/arm-none-eabi/9.3.1/../../../../arm-none-eabi/lib/thumb/v6-m/nofp\libc.a(lib_a-fini.o)
__fini_array_start                                c:/vsarm/arm_embedded/9 2020-q2-update/bin/../lib/gcc/arm-none-eabi/9.3.1/../../../../arm-none-eabi/lib/thumb/v6-m/nofp\libc.a(lib_a-fini.o)
__init_array_end                                  c:/vsarm/arm_embedded/9 2020-q2-update/bin/../lib/gcc/arm-none-eabi/9.3.1/../../../../arm-none-eabi/lib/thumb/v6-m/nofp\libc.a(lib_a-init.o)
__init_array_start                                c:/vsarm/arm_embedded/9 2020-q2-update/bin/../lib/gcc/arm-none-eabi/9.3.1/../../../../arm-none-eabi/lib/thumb/v6-m/nofp\libc.a(lib_a-init.o)
__libc_fini                                       c:/vsarm/arm_embedded/9 2020-q2-update/bin/../lib/gcc/arm-none-eabi/9.3.1/../../../../arm-none-eabi/lib/thumb/v6-m/nofp\libc.a(lib_a-__call_atexit.o)
__libc_fini_array                                 c:/vsarm/arm_embedded/9 2020-q2-update/bin/../lib/gcc/arm-none-eabi/9.3.1/../../../../arm-none-eabi/lib/thumb/v6-m/nofp\libc.a(lib_a-fini.o)
                                                  c:/vsarm/arm_embedded/9 2020-q2-update/bin/../lib/gcc/arm-none-eabi/9.3.1/../../../../arm-none-eabi/lib/thumb/v6-m/nofp\libc.a(lib_a-__call_atexit.o)
                                                  c:/vsarm/arm_embedded/9 2020-q2-update/bin/../lib/gcc/arm-none-eabi/9.3.1/../../../../arm-none-eabi/lib/thumb/v6-m/nofp/crt0.o
__libc_init_array                                 c:/vsarm/arm_embedded/9 2020-q2-update/bin/../lib/gcc/arm-none-eabi/9.3.1/../../../../arm-none-eabi/lib/thumb/v6-m/nofp\libc.a(lib_a-init.o)
                                                  build/startup_stm32f030xc.o
                                                  c:/vsarm/arm_embedded/9 2020-q2-update/bin/../lib/gcc/arm-none-eabi/9.3.1/../../../../arm-none-eabi/lib/thumb/v6-m/nofp/crt0.o
__lock___arc4random_mutex                         c:/vsarm/arm_embedded/9 2020-q2-update/bin/../lib/gcc/arm-none-eabi/9.3.1/../../../../arm-none-eabi/lib/thumb/v6-m/nofp\libc.a(lib_a-lock.o)
__lock___at_quick_exit_mutex                      c:/vsarm/arm_embedded/9 2020-q2-update/bin/../lib/gcc/arm-none-eabi/9.3.1/../../../../arm-none-eabi/lib/thumb/v6-m/nofp\libc.a(lib_a-lock.o)
__lock___atexit_recursive_mutex                   c:/vsarm/arm_embedded/9 2020-q2-update/bin/../lib/gcc/arm-none-eabi/9.3.1/../../../../arm-none-eabi/lib/thumb/v6-m/nofp\libc.a(lib_a-lock.o)
                                                  c:/vsarm/arm_embedded/9 2020-q2-update/bin/../lib/gcc/arm-none-eabi/9.3.1/../../../../arm-none-eabi/lib/thumb/v6-m/nofp\libc.a(lib_a-__call_atexit.o)
__lock___dd_hash_mutex                            c:/vsarm/arm_embedded/9 2020-q2-update/bin/../lib/gcc/arm-none-eabi/9.3.1/../../../../arm-none-eabi/lib/thumb/v6-m/nofp\libc.a(lib_a-lock.o)
__lock___env_recursive_mutex                      c:/vsarm/arm_embedded/9 2020-q2-update/bin/../lib/gcc/arm-none-eabi/9.3.1/../../../../arm-none-eabi/lib/thumb/v6-m/nofp\libc.a(lib_a-lock.o)
__lock___malloc_recursive_mutex                   c:/vsarm/arm_embedded/9 2020-q2-update/bin/../lib/gcc/arm-none-eabi/9.3.1/../../../../arm-none-eabi/lib/thumb/v6-m/nofp\libc.a(lib_a-lock.o)
__lock___sfp_recursive_mutex                      c:/vsarm/arm_embedded/9 2020-q2-update/bin/../lib/gcc/arm-none-eabi/9.3.1/../../../../arm-none-eabi/lib/thumb/v6-m/nofp\libc.a(lib_a-lock.o)
__lock___sinit_recursive_mutex                    c:/vsarm/arm_embedded/9 2020-q2-update/bin/../lib/gcc/arm-none-eabi/9.3.1/../../../../arm-none-eabi/lib/thumb/v6-m/nofp\libc.a(lib_a-lock.o)
__lock___tz_mutex                                 c:/vsarm/arm_embedded/9 2020-q2-update/bin/../lib/gcc/arm-none-eabi/9.3.1/../../../../arm-none-eabi/lib/thumb/v6-m/nofp\libc.a(lib_a-lock.o)
__preinit_array_end                               c:/vsarm/arm_embedded/9 2020-q2-update/bin/../lib/gcc/arm-none-eabi/9.3.1/../../../../arm-none-eabi/lib/thumb/v6-m/nofp\libc.a(lib_a-init.o)
__preinit_array_start                             c:/vsarm/arm_embedded/9 2020-q2-update/bin/../lib/gcc/arm-none-eabi/9.3.1/../../../../arm-none-eabi/lib/thumb/v6-m/nofp\libc.a(lib_a-init.o)
__register_exitproc                               c:/vsarm/arm_embedded/9 2020-q2-update/bin/../lib/gcc/arm-none-eabi/9.3.1/../../../../arm-none-eabi/lib/thumb/v6-m/nofp\libc.a(lib_a-__atexit.o)
                                                  c:/vsarm/arm_embedded/9 2020-q2-update/bin/../lib/gcc/arm-none-eabi/9.3.1/../../../../arm-none-eabi/lib/thumb/v6-m/nofp\libc.a(lib_a-atexit.o)
__register_frame_info                             c:/vsarm/arm_embedded/9 2020-q2-update/bin/../lib/gcc/arm-none-eabi/9.3.1/thumb/v6-m/nofp/crtbegin.o
__retarget_lock_acquire                           c:/vsarm/arm_embedded/9 2020-q2-update/bin/../lib/gcc/arm-none-eabi/9.3.1/../../../../arm-none-eabi/lib/thumb/v6-m/nofp\libc.a(lib_a-lock.o)
__retarget_lock_acquire_recursive                 c:/vsarm/arm_embedded/9 2020-q2-update/bin/../lib/gcc/arm-none-eabi/9.3.1/../../../../arm-none-eabi/lib/thumb/v6-m/nofp\libc.a(lib_a-lock.o)
                                                  c:/vsarm/arm_embedded/9 2020-q2-update/bin/../lib/gcc/arm-none-eabi/9.3.1/../../../../arm-none-eabi/lib/thumb/v6-m/nofp\libc.a(lib_a-__atexit.o)
                                                  c:/vsarm/arm_embedded/9 2020-q2-update/bin/../lib/gcc/arm-none-eabi/9.3.1/../../../../arm-none-eabi/lib/thumb/v6-m/nofp\libc.a(lib_a-__call_atexit.o)
__retarget_lock_close                             c:/vsarm/arm_embedded/9 2020-q2-update/bin/../lib/gcc/arm-none-eabi/9.3.1/../../../../arm-none-eabi/lib/thumb/v6-m/nofp\libc.a(lib_a-lock.o)
__retarget_lock_close_recursive                   c:/vsarm/arm_embedded/9 2020-q2-update/bin/../lib/gcc/arm-none-eabi/9.3.1/../../../../arm-none-eabi/lib/thumb/v6-m/nofp\libc.a(lib_a-lock.o)
__retarget_lock_init                              c:/vsarm/arm_embedded/9 2020-q2-update/bin/../lib/gcc/arm-none-eabi/9.3.1/../../../../arm-none-eabi/lib/thumb/v6-m/nofp\libc.a(lib_a-lock.o)
__retarget_lock_init_recursive                    c:/vsarm/arm_embedded/9 2020-q2-update/bin/../lib/gcc/arm-none-eabi/9.3.1/../../../../arm-none-eabi/lib/thumb/v6-m/nofp\libc.a(lib_a-lock.o)
__retarget_lock_release                           c:/vsarm/arm_embedded/9 2020-q2-update/bin/../lib/gcc/arm-none-eabi/9.3.1/../../../../arm-none-eabi/lib/thumb/v6-m/nofp\libc.a(lib_a-lock.o)
__retarget_lock_release_recursive                 c:/vsarm/arm_embedded/9 2020-q2-update/bin/../lib/gcc/arm-none-eabi/9.3.1/../../../../arm-none-eabi/lib/thumb/v6-m/nofp\libc.a(lib_a-lock.o)
                                                  c:/vsarm/arm_embedded/9 2020-q2-update/bin/../lib/gcc/arm-none-eabi/9.3.1/../../../../arm-none-eabi/lib/thumb/v6-m/nofp\libc.a(lib_a-__atexit.o)
                                                  c:/vsarm/arm_embedded/9 2020-q2-update/bin/../lib/gcc/arm-none-eabi/9.3.1/../../../../arm-none-eabi/lib/thumb/v6-m/nofp\libc.a(lib_a-__call_atexit.o)
__retarget_lock_try_acquire                       c:/vsarm/arm_embedded/9 2020-q2-update/bin/../lib/gcc/arm-none-eabi/9.3.1/../../../../arm-none-eabi/lib/thumb/v6-m/nofp\libc.a(lib_a-lock.o)
__retarget_lock_try_acquire_recursive             c:/vsarm/arm_embedded/9 2020-q2-update/bin/../lib/gcc/arm-none-eabi/9.3.1/../../../../arm-none-eabi/lib/thumb/v6-m/nofp\libc.a(lib_a-lock.o)
__stack                                           c:/vsarm/arm_embedded/9 2020-q2-update/bin/../lib/gcc/arm-none-eabi/9.3.1/../../../../arm-none-eabi/lib/thumb/v6-m/nofp/crt0.o
__udivsi3                                         c:/vsarm/arm_embedded/9 2020-q2-update/bin/../lib/gcc/arm-none-eabi/9.3.1/thumb/v6-m/nofp\libgcc.a(_udivsi3.o)
_ebss                                             build/startup_stm32f030xc.o
_edata                                            build/startup_stm32f030xc.o
_estack                                           build/startup_stm32f030xc.o
_exit                                             c:/vsarm/arm_embedded/9 2020-q2-update/bin/../lib/gcc/arm-none-eabi/9.3.1/../../../../arm-none-eabi/lib/thumb/v6-m/nofp\libnosys.a(_exit.o)
                                                  c:/vsarm/arm_embedded/9 2020-q2-update/bin/../lib/gcc/arm-none-eabi/9.3.1/../../../../arm-none-eabi/lib/thumb/v6-m/nofp\libc.a(lib_a-exit.o)
_fini                                             c:/vsarm/arm_embedded/9 2020-q2-update/bin/../lib/gcc/arm-none-eabi/9.3.1/thumb/v6-m/nofp/crti.o
                                                  c:/vsarm/arm_embedded/9 2020-q2-update/bin/../lib/gcc/arm-none-eabi/9.3.1/../../../../arm-none-eabi/lib/thumb/v6-m/nofp\libc.a(lib_a-fini.o)
_global_impure_ptr                                c:/vsarm/arm_embedded/9 2020-q2-update/bin/../lib/gcc/arm-none-eabi/9.3.1/../../../../arm-none-eabi/lib/thumb/v6-m/nofp\libc.a(lib_a-impure.o)
                                                  c:/vsarm/arm_embedded/9 2020-q2-update/bin/../lib/gcc/arm-none-eabi/9.3.1/../../../../arm-none-eabi/lib/thumb/v6-m/nofp\libc.a(lib_a-__atexit.o)
                                                  c:/vsarm/arm_embedded/9 2020-q2-update/bin/../lib/gcc/arm-none-eabi/9.3.1/../../../../arm-none-eabi/lib/thumb/v6-m/nofp\libc.a(lib_a-__call_atexit.o)
                                                  c:/vsarm/arm_embedded/9 2020-q2-update/bin/../lib/gcc/arm-none-eabi/9.3.1/../../../../arm-none-eabi/lib/thumb/v6-m/nofp\libc.a(lib_a-exit.o)
_impure_ptr                                       c:/vsarm/arm_embedded/9 2020-q2-update/bin/../lib/gcc/arm-none-eabi/9.3.1/../../../../arm-none-eabi/lib/thumb/v6-m/nofp\libc.a(lib_a-impure.o)
_init                                             c:/vsarm/arm_embedded/9 2020-q2-update/bin/../lib/gcc/arm-none-eabi/9.3.1/thumb/v6-m/nofp/crti.o
                                                  c:/vsarm/arm_embedded/9 2020-q2-update/bin/../lib/gcc/arm-none-eabi/9.3.1/../../../../arm-none-eabi/lib/thumb/v6-m/nofp\libc.a(lib_a-init.o)
_mainCRTStartup                                   c:/vsarm/arm_embedded/9 2020-q2-update/bin/../lib/gcc/arm-none-eabi/9.3.1/../../../../arm-none-eabi/lib/thumb/v6-m/nofp/crt0.o
_sbss                                             build/startup_stm32f030xc.o
_sdata                                            build/startup_stm32f030xc.o
_sidata                                           build/startup_stm32f030xc.o
_stack_init                                       c:/vsarm/arm_embedded/9 2020-q2-update/bin/../lib/gcc/arm-none-eabi/9.3.1/../../../../arm-none-eabi/lib/thumb/v6-m/nofp/crt0.o
_start                                            c:/vsarm/arm_embedded/9 2020-q2-update/bin/../lib/gcc/arm-none-eabi/9.3.1/../../../../arm-none-eabi/lib/thumb/v6-m/nofp/crt0.o
atexit                                            c:/vsarm/arm_embedded/9 2020-q2-update/bin/../lib/gcc/arm-none-eabi/9.3.1/../../../../arm-none-eabi/lib/thumb/v6-m/nofp\libc.a(lib_a-atexit.o)
                                                  c:/vsarm/arm_embedded/9 2020-q2-update/bin/../lib/gcc/arm-none-eabi/9.3.1/../../../../arm-none-eabi/lib/thumb/v6-m/nofp\libc.a(lib_a-__call_atexit.o)
                                                  c:/vsarm/arm_embedded/9 2020-q2-update/bin/../lib/gcc/arm-none-eabi/9.3.1/../../../../arm-none-eabi/lib/thumb/v6-m/nofp/crt0.o